###############################################################################
#
# IAR ELF Linker V8.30.1.114/W32 for ARM                  15/Oct/2018  20:30:03
# Copyright 2007-2018 IAR Systems AB.
#
#    Output file  =  F:\New Sale System\Code\Cell\EWARM\Cell\Exe\Cell.out
#    Map file     =  F:\New Sale System\Code\Cell\EWARM\Cell\List\Cell.map
#    Command line =  
#        -f C:\Users\ADMINI~1\AppData\Local\Temp\EW3805.tmp ("F:\New Sale
#        System\Code\Cell\EWARM\Cell\Obj\cell.o" "F:\New Sale
#        System\Code\Cell\EWARM\Cell\Obj\cmsis_os.o" "F:\New Sale
#        System\Code\Cell\EWARM\Cell\Obj\croutine.o" "F:\New Sale
#        System\Code\Cell\EWARM\Cell\Obj\event_groups.o" "F:\New Sale
#        System\Code\Cell\EWARM\Cell\Obj\freertos.o" "F:\New Sale
#        System\Code\Cell\EWARM\Cell\Obj\heap_4.o" "F:\New Sale
#        System\Code\Cell\EWARM\Cell\Obj\key.o" "F:\New Sale
#        System\Code\Cell\EWARM\Cell\Obj\list.o" "F:\New Sale
#        System\Code\Cell\EWARM\Cell\Obj\main.o" "F:\New Sale
#        System\Code\Cell\EWARM\Cell\Obj\port.o" "F:\New Sale
#        System\Code\Cell\EWARM\Cell\Obj\portasm.o" "F:\New Sale
#        System\Code\Cell\EWARM\Cell\Obj\queue.o" "F:\New Sale
#        System\Code\Cell\EWARM\Cell\Obj\startup_stm32f103xb.o" "F:\New Sale
#        System\Code\Cell\EWARM\Cell\Obj\stm32f1xx_hal.o" "F:\New Sale
#        System\Code\Cell\EWARM\Cell\Obj\stm32f1xx_hal_can.o" "F:\New Sale
#        System\Code\Cell\EWARM\Cell\Obj\stm32f1xx_hal_cortex.o" "F:\New Sale
#        System\Code\Cell\EWARM\Cell\Obj\stm32f1xx_hal_dma.o" "F:\New Sale
#        System\Code\Cell\EWARM\Cell\Obj\stm32f1xx_hal_flash.o" "F:\New Sale
#        System\Code\Cell\EWARM\Cell\Obj\stm32f1xx_hal_flash_ex.o" "F:\New Sale
#        System\Code\Cell\EWARM\Cell\Obj\stm32f1xx_hal_gpio.o" "F:\New Sale
#        System\Code\Cell\EWARM\Cell\Obj\stm32f1xx_hal_gpio_ex.o" "F:\New Sale
#        System\Code\Cell\EWARM\Cell\Obj\stm32f1xx_hal_msp.o" "F:\New Sale
#        System\Code\Cell\EWARM\Cell\Obj\stm32f1xx_hal_pwr.o" "F:\New Sale
#        System\Code\Cell\EWARM\Cell\Obj\stm32f1xx_hal_rcc.o" "F:\New Sale
#        System\Code\Cell\EWARM\Cell\Obj\stm32f1xx_hal_rcc_ex.o" "F:\New Sale
#        System\Code\Cell\EWARM\Cell\Obj\stm32f1xx_hal_tim.o" "F:\New Sale
#        System\Code\Cell\EWARM\Cell\Obj\stm32f1xx_hal_tim_ex.o" "F:\New Sale
#        System\Code\Cell\EWARM\Cell\Obj\stm32f1xx_hal_timebase_TIM.o" "F:\New
#        Sale System\Code\Cell\EWARM\Cell\Obj\stm32f1xx_it.o" "F:\New Sale
#        System\Code\Cell\EWARM\Cell\Obj\system_stm32f1xx.o" "F:\New Sale
#        System\Code\Cell\EWARM\Cell\Obj\tasks.o" "F:\New Sale
#        System\Code\Cell\EWARM\Cell\Obj\test.o" "F:\New Sale
#        System\Code\Cell\EWARM\Cell\Obj\timers.o" --redirect
#        _Printf=_PrintfFull --redirect _Scanf=_ScanfFull --no_out_extension -o
#        "F:\New Sale System\Code\Cell\EWARM\Cell\Exe\Cell.out" --map "F:\New
#        Sale System\Code\Cell\EWARM\Cell\List\Cell.map" --config "F:\New Sale
#        System\Code\Cell\EWARM/stm32f103xb_flash.icf" --semihosting --entry
#        __iar_program_start --vfe --text_out locale)
#
###############################################################################

*******************************************************************************
*** RUNTIME MODEL ATTRIBUTES
***

CppFlavor       = *
__SystemLibrary = DLib
__dlib_version  = 6


*******************************************************************************
*** HEAP SELECTION
***

The basic heap was selected because no calls to memory allocation
functions were found in the application outside of system library
functions, and there are calls to deallocation functions in the
application.


*******************************************************************************
*** PLACEMENT SUMMARY
***

"A0":  place at 0x800'0000 { ro section .intvec };
"P1":  place in [from 0x800'0000 to 0x801'ffff] { ro };
define block CSTACK with size = 1K, alignment = 8 { };
define block HEAP with size = 512, alignment = 8 { };
"P2":  place in [from 0x2000'0000 to 0x2000'4fff] {
          rw, block CSTACK, block HEAP };
initialize by copy { rw };

  Section            Kind         Address    Size  Object
  -------            ----         -------    ----  ------
"A0":                                        0xec
  .intvec            ro code   0x800'0000    0xec  startup_stm32f103xb.o [1]
                             - 0x800'00ec    0xec

"P1":                                      0x3ea0
  .text              ro code   0x800'00ec   0xaca  stm32f1xx_hal_can.o [1]
  .text              ro code   0x800'0bb6    0x3a  zero_init3.o [3]
  .text              ro code   0x800'0bf0   0x18c  stm32f1xx_hal_msp.o [1]
  .text              ro code   0x800'0d7c     0xc  stm32f1xx_hal.o [1]
  .text              ro code   0x800'0d88   0x6c2  cell.o [1]
  .rodata            const     0x800'144a     0x2  stm32f1xx_hal_rcc.o [1]
  .text              ro code   0x800'144c   0x168  stm32f1xx_hal_cortex.o [1]
  .text              ro code   0x800'15b4   0x298  stm32f1xx_hal_gpio.o [1]
  .text              ro code   0x800'184c    0x28  stm32f1xx_hal.o [1]
  .text              ro code   0x800'1874   0x144  key.o [1]
  .text              ro code   0x800'19b8   0x1c4  stm32f1xx_hal_flash.o [1]
  .text              ro code   0x800'1b7c    0xfc  stm32f1xx_hal_flash_ex.o [1]
  .text              ro code   0x800'1c78    0x66  ABImemset.o [3]
  .text              ro code   0x800'1ce0    0x1e  U64Shr.o [3]
  .text              ro code   0x800'1d00   0x798  tasks.o [1]
  .text              ro code   0x800'2498   0x274  heap_4.o [1]
  .text              ro code   0x800'270c    0x9a  list.o [1]
  .text              ro code   0x800'27a8   0x188  port.o [1]
  CODE               ro code   0x800'2930    0x88  portasm.o [1]
  .text              ro code   0x800'29b8   0x658  stm32f1xx_hal_rcc.o [1]
  .text              ro code   0x800'3010    0x94  stm32f1xx_hal_timebase_TIM.o [1]
  .text              ro code   0x800'30a4    0x86  ABImemcpy.o [3]
  .text              ro code   0x800'312c   0x556  stm32f1xx_hal_tim.o [1]
  .text              ro code   0x800'3682     0x2  stm32f1xx_hal_tim.o [1]
  .text              ro code   0x800'3684     0x2  stm32f1xx_hal_tim.o [1]
  .text              ro code   0x800'3686     0x2  stm32f1xx_hal_tim.o [1]
  .text              ro code   0x800'3688   0x458  main.o [1]
  .text              ro code   0x800'3ae0     0x2  stm32f1xx_hal_tim_ex.o [1]
  .text              ro code   0x800'3ae2     0x2  stm32f1xx_hal_tim.o [1]
  .text              ro code   0x800'3ae4     0x2  stm32f1xx_hal_tim_ex.o [1]
  .text              ro code   0x800'3ae8    0x24  stm32f1xx_hal.o [1]
  .text              ro code   0x800'3b0c    0x5e  cmsis_os.o [1]
  .text              ro code   0x800'3b6c    0x5c  stm32f1xx_hal_tim_ex.o [1]
  .text              ro code   0x800'3bc8    0xc2  test.o [1]
  .text              ro code   0x800'3c8c    0x18  stm32f1xx_hal.o [1]
  .text              ro code   0x800'3ca4    0x58  system_stm32f1xx.o [1]
  .text              ro code   0x800'3cfc    0x50  stm32f1xx_it.o [1]
  .rodata            const     0x800'3d4c    0x30  main.o [1]
  .text              ro code   0x800'3d7c    0x2c  copy_init3.o [3]
  .text              ro code   0x800'3da8    0x28  data_init.o [3]
  .iar.init_table    const     0x800'3dd0    0x24  - Linker created -
  .rodata            const     0x800'3df4    0x20  main.o [1]
  .text              ro code   0x800'3e14    0x1e  cmain.o [3]
  .text              ro code   0x800'3e32     0x4  low_level_init.o [2]
  .text              ro code   0x800'3e36     0x4  exit.o [2]
  .text              ro code   0x800'3e3c     0xa  cexit.o [3]
  .text              ro code   0x800'3e48    0x14  exit.o [4]
  .rodata            const     0x800'3e5c    0x14  main.o [1]
  .rodata            const     0x800'3e70    0x14  main.o [1]
  .rodata            const     0x800'3e84    0x10  stm32f1xx_hal_rcc.o [1]
  .rodata            const     0x800'3e94    0x10  system_stm32f1xx.o [1]
  .text              ro code   0x800'3ea4    0x10  startup_stm32f103xb.o [1]
  .rodata            const     0x800'3eb4     0xc  main.o [1]
  .text              ro code   0x800'3ec0     0xc  cstartup_M.o [3]
  Initializer bytes  const     0x800'3ecc     0xc  <for P2-1>
  .rodata            const     0x800'3ed8     0x8  main.o [1]
  .rodata            const     0x800'3ee0     0x8  system_stm32f1xx.o [1]
  .rodata            const     0x800'3ee8     0x8  tasks.o [1]
  .rodata            const     0x800'3ef0     0x4  heap_4.o [1]
  .text              ro code   0x800'3ef4     0x4  startup_stm32f103xb.o [1]
  .text              ro code   0x800'3ef8     0x4  startup_stm32f103xb.o [1]
  .text              ro code   0x800'3efc     0x4  startup_stm32f103xb.o [1]
  .text              ro code   0x800'3f00     0x4  startup_stm32f103xb.o [1]
  .text              ro code   0x800'3f04     0x4  startup_stm32f103xb.o [1]
  .text              ro code   0x800'3f08     0x4  startup_stm32f103xb.o [1]
  .text              ro code   0x800'3f0c     0x4  startup_stm32f103xb.o [1]
  .text              ro code   0x800'3f10     0x4  startup_stm32f103xb.o [1]
  .text              ro code   0x800'3f14     0x4  startup_stm32f103xb.o [1]
  .text              ro code   0x800'3f18     0x4  startup_stm32f103xb.o [1]
  .text              ro code   0x800'3f1c     0x4  startup_stm32f103xb.o [1]
  .text              ro code   0x800'3f20     0x4  startup_stm32f103xb.o [1]
  .text              ro code   0x800'3f24     0x4  startup_stm32f103xb.o [1]
  .text              ro code   0x800'3f28     0x4  startup_stm32f103xb.o [1]
  .text              ro code   0x800'3f2c     0x4  startup_stm32f103xb.o [1]
  .text              ro code   0x800'3f30     0x4  startup_stm32f103xb.o [1]
  .text              ro code   0x800'3f34     0x4  startup_stm32f103xb.o [1]
  .text              ro code   0x800'3f38     0x4  startup_stm32f103xb.o [1]
  .text              ro code   0x800'3f3c     0x4  startup_stm32f103xb.o [1]
  .text              ro code   0x800'3f40     0x4  startup_stm32f103xb.o [1]
  .text              ro code   0x800'3f44     0x4  startup_stm32f103xb.o [1]
  .text              ro code   0x800'3f48     0x4  startup_stm32f103xb.o [1]
  .text              ro code   0x800'3f4c     0x4  startup_stm32f103xb.o [1]
  .text              ro code   0x800'3f50     0x4  startup_stm32f103xb.o [1]
  .text              ro code   0x800'3f54     0x4  startup_stm32f103xb.o [1]
  .text              ro code   0x800'3f58     0x4  startup_stm32f103xb.o [1]
  .text              ro code   0x800'3f5c     0x4  startup_stm32f103xb.o [1]
  .text              ro code   0x800'3f60     0x4  startup_stm32f103xb.o [1]
  .text              ro code   0x800'3f64     0x4  startup_stm32f103xb.o [1]
  .text              ro code   0x800'3f68     0x4  startup_stm32f103xb.o [1]
  .text              ro code   0x800'3f6c     0x4  startup_stm32f103xb.o [1]
  .text              ro code   0x800'3f70     0x4  startup_stm32f103xb.o [1]
  .text              ro code   0x800'3f74     0x4  startup_stm32f103xb.o [1]
  .text              ro code   0x800'3f78     0x4  startup_stm32f103xb.o [1]
  .text              ro code   0x800'3f7c     0x4  startup_stm32f103xb.o [1]
  .text              ro code   0x800'3f80     0x4  startup_stm32f103xb.o [1]
  .text              ro code   0x800'3f84     0x4  startup_stm32f103xb.o [1]
  .text              ro code   0x800'3f88     0x4  startup_stm32f103xb.o [1]
  .rodata            const     0x800'3f8c     0x0  zero_init3.o [3]
  .rodata            const     0x800'3f8c     0x0  copy_init3.o [3]
                             - 0x800'3f8c  0x3ea0

"P2", part 1 of 3:                            0xc
  P2-1                        0x2000'0000     0x9  <Init block>
    .data            inited   0x2000'0000     0x4  port.o [1]
    .data            inited   0x2000'0004     0x4  system_stm32f1xx.o [1]
    .data            inited   0x2000'0008     0x1  stm32f1xx_hal.o [1]
                            - 0x2000'0009     0x9

"P2", part 2 of 3:                          0xf9c
  .bss               zero     0x2000'000c   0xc00  heap_4.o [1]
  .bss               zero     0x2000'0c0c    0xec  cell.o [1]
  .bss               zero     0x2000'0cf8    0x8c  tasks.o [1]
  .bss               zero     0x2000'0d84    0x44  main.o [1]
  .bss               zero     0x2000'0dc8    0x40  main.o [1]
  .bss               zero     0x2000'0e08    0x40  stm32f1xx_hal_timebase_TIM.o [1]
  .bss               zero     0x2000'0e48    0x28  cell.o [1]
  .bss               zero     0x2000'0e70    0x24  main.o [1]
  .bss               zero     0x2000'0e98    0x20  stm32f1xx_hal_flash.o [1]
  .bss               zero     0x2000'0eb8    0x1c  main.o [1]
  .bss               zero     0x2000'0ed4    0x14  tasks.o [1]
  .bss               zero     0x2000'0ee8    0x14  tasks.o [1]
  .bss               zero     0x2000'0efc    0x14  tasks.o [1]
  .bss               zero     0x2000'0f10    0x14  tasks.o [1]
  .bss               zero     0x2000'0f24    0x14  tasks.o [1]
  .bss               zero     0x2000'0f38     0x8  heap_4.o [1]
  .bss               zero     0x2000'0f40     0x4  heap_4.o [1]
  .bss               zero     0x2000'0f44     0x4  heap_4.o [1]
  .bss               zero     0x2000'0f48     0x4  heap_4.o [1]
  .bss               zero     0x2000'0f4c     0x4  heap_4.o [1]
  .bss               zero     0x2000'0f50     0x4  main.o [1]
  .bss               zero     0x2000'0f54     0x4  main.o [1]
  .bss               zero     0x2000'0f58     0x4  main.o [1]
  .bss               zero     0x2000'0f5c     0x4  port.o [1]
  .bss               zero     0x2000'0f60     0x4  stm32f1xx_hal.o [1]
  .bss               zero     0x2000'0f64     0x4  tasks.o [1]
  .bss               zero     0x2000'0f68     0x4  tasks.o [1]
  .bss               zero     0x2000'0f6c     0x4  tasks.o [1]
  .bss               zero     0x2000'0f70     0x4  tasks.o [1]
  .bss               zero     0x2000'0f74     0x4  tasks.o [1]
  .bss               zero     0x2000'0f78     0x4  tasks.o [1]
  .bss               zero     0x2000'0f7c     0x4  tasks.o [1]
  .bss               zero     0x2000'0f80     0x4  tasks.o [1]
  .bss               zero     0x2000'0f84     0x4  tasks.o [1]
  .bss               zero     0x2000'0f88     0x4  tasks.o [1]
  .bss               zero     0x2000'0f8c     0x4  tasks.o [1]
  .bss               zero     0x2000'0f90     0x4  tasks.o [1]
  .bss               zero     0x2000'0f94     0x4  tasks.o [1]
  .bss               zero     0x2000'0f98     0x4  tasks.o [1]
  .bss               zero     0x2000'0f9c     0x4  tasks.o [1]
  .bss               zero     0x2000'0fa0     0x4  test.o [1]
  .bss               zero     0x2000'0fa4     0x1  port.o [1]
                            - 0x2000'0fa5   0xf99

"P2", part 3 of 3:                          0x400
  CSTACK                      0x2000'0fa8   0x400  <Block>
    CSTACK           uninit   0x2000'0fa8   0x400  <Block tail>
                            - 0x2000'13a8   0x400

Unused ranges:

         From           To      Size
         ----           --      ----
   0x800'3f8c   0x801'ffff  0x1'c074
  0x2000'13a8  0x2000'4fff    0x3c58


*******************************************************************************
*** INIT TABLE
***

          Address      Size
          -------      ----
Zero (__iar_zero_init3)
    1 destination range, total size 0xf99:
          0x2000'000c  0xf99

Copy (__iar_copy_init3)
    1 source range, total size 0xc (133% of destination):
           0x800'3ecc    0xc
    1 destination range, total size 0x9:
          0x2000'0000    0x9



*******************************************************************************
*** MODULE SUMMARY
***

    Module                        ro code  ro data  rw data
    ------                        -------  -------  -------
command line/config:
    -------------------------------------------------------
    Total:

F:\New Sale System\Code\Cell\EWARM\Cell\Obj: [1]
    cell.o                          1 730               276
    cmsis_os.o                         94
    heap_4.o                          628        4    3 096
    key.o                             324
    list.o                            154
    main.o                          1 112      140      208
    port.o                            392        4        9
    portasm.o                         136
    startup_stm32f103xb.o             404
    stm32f1xx_hal.o                   112        1        5
    stm32f1xx_hal_can.o             2 762
    stm32f1xx_hal_cortex.o            360
    stm32f1xx_hal_flash.o             452                32
    stm32f1xx_hal_flash_ex.o          252
    stm32f1xx_hal_gpio.o              664
    stm32f1xx_hal_msp.o               396
    stm32f1xx_hal_rcc.o             1 624       18
    stm32f1xx_hal_tim.o             1 374
    stm32f1xx_hal_tim_ex.o             96
    stm32f1xx_hal_timebase_TIM.o      148                64
    stm32f1xx_it.o                     80
    system_stm32f1xx.o                 88       28        4
    tasks.o                         1 944        8      300
    test.o                            194                 4
    -------------------------------------------------------
    Total:                         15 520      203    3 998

dl7M_tlf.a: [2]
    exit.o                              4
    low_level_init.o                    4
    -------------------------------------------------------
    Total:                              8

rt7M_tl.a: [3]
    ABImemcpy.o                       134
    ABImemset.o                       102
    U64Shr.o                           30
    cexit.o                            10
    cmain.o                            30
    copy_init3.o                       44
    cstartup_M.o                       12
    data_init.o                        40
    zero_init3.o                       58
    -------------------------------------------------------
    Total:                            460

shb_l.a: [4]
    exit.o                             20
    -------------------------------------------------------
    Total:                             20

    Gaps                               18                 4
    Linker created                              39    1 024
-----------------------------------------------------------
    Grand Total:                   16 026      242    5 026


*******************************************************************************
*** ENTRY LIST
***

Entry                       Address   Size  Type      Object
-----                       -------   ----  ----      ------
.iar.init_table$$Base    0x800'3dd0          --   Gb  - Linker created -
.iar.init_table$$Limit   0x800'3df4          --   Gb  - Linker created -
?main                    0x800'3e15         Code  Gb  cmain.o [3]
AHBPrescTable            0x800'3e94   0x10  Data  Gb  system_stm32f1xx.o [1]
APBPrescTable            0x800'3ee0    0x8  Data  Gb  system_stm32f1xx.o [1]
BusFault_Handler         0x800'3d03    0x2  Code  Gb  stm32f1xx_it.o [1]
CAN1_RX1_IRQHandler      0x800'3d25    0xa  Code  Gb  stm32f1xx_it.o [1]
CAN1_SCE_IRQHandler      0x800'3d2f    0xa  Code  Gb  stm32f1xx_it.o [1]
CAN_Filter_Init          0x800'399d   0xba  Code  Lc  main.o [1]
CAN_Receive_IT           0x800'09d7  0x1e0  Code  Lc  stm32f1xx_hal_can.o [1]
CAN_Transmit_IT          0x800'0979   0x5e  Code  Lc  stm32f1xx_hal_can.o [1]
CSTACK$$Base            0x2000'0fa8          --   Gb  - Linker created -
CSTACK$$Limit           0x2000'13a8          --   Gb  - Linker created -
Cell                    0x2000'0c0c   0xec  Data  Gb  cell.o [1]
CellReset                0x800'1065   0x6e  Code  Gb  cell.o [1]
Cell_Init                0x800'0da7   0xe4  Code  Gb  cell.o [1]
DebugMon_Handler         0x800'3d07    0x2  Code  Gb  stm32f1xx_it.o [1]
Delay                    0x800'12ef   0x16  Code  Gb  cell.o [1]
Deliver                  0x800'10e1  0x18c  Code  Gb  cell.o [1]
DoNothing                0x800'126d    0x2  Code  Gb  cell.o [1]
FLASH_MassErase          0x800'1c31   0x1e  Code  Lc  stm32f1xx_hal_flash_ex.o [1]
FLASH_PageErase          0x800'1c4f   0x1e  Code  Gb  stm32f1xx_hal_flash_ex.o [1]
FLASH_Program_HalfWord   0x800'1a97   0x14  Code  Lc  stm32f1xx_hal_flash.o [1]
FLASH_SetErrorCode       0x800'1aff   0x60  Code  Lc  stm32f1xx_hal_flash.o [1]
FLASH_WaitForLastOperation
                         0x800'1aab   0x54  Code  Gb  stm32f1xx_hal_flash.o [1]
FlashDataBuffer         0x2000'0e48   0x28  Data  Gb  cell.o [1]
HAL_CAN_ConfigFilter     0x800'024b  0x128  Code  Gb  stm32f1xx_hal_can.o [1]
HAL_CAN_ErrorCallback    0x800'0fad    0xe  Code  Gb  cell.o [1]
HAL_CAN_IRQHandler       0x800'063d  0x324  Code  Gb  stm32f1xx_hal_can.o [1]
HAL_CAN_Init             0x800'00ed  0x15e  Code  Gb  stm32f1xx_hal_can.o [1]
HAL_CAN_MspInit          0x800'0c85   0x94  Code  Gb  stm32f1xx_hal_msp.o [1]
HAL_CAN_Receive_IT       0x800'0527  0x116  Code  Gb  stm32f1xx_hal_can.o [1]
HAL_CAN_RxCpltCallback   0x800'0f99   0x14  Code  Gb  cell.o [1]
HAL_CAN_Transmit_IT      0x800'0373  0x1b4  Code  Gb  stm32f1xx_hal_can.o [1]
HAL_CAN_TxCpltCallback   0x800'0fbb    0xe  Code  Gb  cell.o [1]
HAL_Delay                0x800'184d   0x28  Code  Wk  stm32f1xx_hal.o [1]
HAL_FLASHEx_Erase        0x800'1b7d   0xb4  Code  Gb  stm32f1xx_hal_flash_ex.o [1]
HAL_FLASH_Lock           0x800'1a89    0xe  Code  Gb  stm32f1xx_hal_flash.o [1]
HAL_FLASH_Program        0x800'19b9   0xae  Code  Gb  stm32f1xx_hal_flash.o [1]
HAL_FLASH_Unlock         0x800'1a67   0x22  Code  Gb  stm32f1xx_hal_flash.o [1]
HAL_GPIO_Init            0x800'15b5  0x226  Code  Gb  stm32f1xx_hal_gpio.o [1]
HAL_GPIO_ReadPin         0x800'17db   0x16  Code  Gb  stm32f1xx_hal_gpio.o [1]
HAL_GPIO_WritePin        0x800'17f1   0x1a  Code  Gb  stm32f1xx_hal_gpio.o [1]
HAL_GetTick              0x800'0d7d    0xc  Code  Wk  stm32f1xx_hal.o [1]
HAL_IncTick              0x800'3c8d   0x18  Code  Wk  stm32f1xx_hal.o [1]
HAL_Init                 0x800'3ae9   0x20  Code  Gb  stm32f1xx_hal.o [1]
HAL_InitTick             0x800'3011   0x86  Code  Gb  stm32f1xx_hal_timebase_TIM.o [1]
HAL_MspInit              0x800'0bf1   0x94  Code  Gb  stm32f1xx_hal_msp.o [1]
HAL_NVIC_EnableIRQ       0x800'155d    0xe  Code  Gb  stm32f1xx_hal_cortex.o [1]
HAL_NVIC_SetPriority     0x800'1533   0x2a  Code  Gb  stm32f1xx_hal_cortex.o [1]
HAL_NVIC_SetPriorityGrouping
                         0x800'1527    0xc  Code  Gb  stm32f1xx_hal_cortex.o [1]
HAL_RCC_ClockConfig      0x800'2d79  0x16c  Code  Gb  stm32f1xx_hal_rcc.o [1]
HAL_RCC_GetClockConfig   0x800'2f71   0x34  Code  Gb  stm32f1xx_hal_rcc.o [1]
HAL_RCC_GetHCLKFreq      0x800'2f55    0x6  Code  Gb  stm32f1xx_hal_rcc.o [1]
HAL_RCC_GetPCLK1Freq     0x800'2f5b   0x16  Code  Gb  stm32f1xx_hal_rcc.o [1]
HAL_RCC_GetSysClockFreq
                         0x800'2ee5   0x70  Code  Gb  stm32f1xx_hal_rcc.o [1]
HAL_RCC_OscConfig        0x800'29b9  0x3c0  Code  Gb  stm32f1xx_hal_rcc.o [1]
HAL_SYSTICK_CLKSourceConfig
                         0x800'1577   0x1c  Code  Gb  stm32f1xx_hal_cortex.o [1]
HAL_SYSTICK_Config       0x800'156b    0xc  Code  Gb  stm32f1xx_hal_cortex.o [1]
HAL_TIMEx_BreakCallback
                         0x800'3ae1    0x2  Code  Wk  stm32f1xx_hal_tim_ex.o [1]
HAL_TIMEx_CommutationCallback
                         0x800'3ae5    0x2  Code  Wk  stm32f1xx_hal_tim_ex.o [1]
HAL_TIMEx_MasterConfigSynchronization
                         0x800'3b6d   0x5a  Code  Gb  stm32f1xx_hal_tim_ex.o [1]
HAL_TIM_Base_Init        0x800'312d   0x38  Code  Gb  stm32f1xx_hal_tim.o [1]
HAL_TIM_Base_Start_IT    0x800'3165   0x1e  Code  Gb  stm32f1xx_hal_tim.o [1]
HAL_TIM_IRQHandler       0x800'31f5  0x176  Code  Gb  stm32f1xx_hal_tim.o [1]
HAL_TIM_MspPostInit      0x800'0d3b   0x24  Code  Gb  stm32f1xx_hal_msp.o [1]
HAL_TIM_PWM_ConfigChannel
                         0x800'336b  0x100  Code  Gb  stm32f1xx_hal_tim.o [1]
HAL_TIM_PWM_Init         0x800'3183   0x38  Code  Gb  stm32f1xx_hal_tim.o [1]
HAL_TIM_PWM_MspInit      0x800'0d19   0x22  Code  Gb  stm32f1xx_hal_msp.o [1]
HAL_TIM_PWM_Start        0x800'31bb   0x36  Code  Gb  stm32f1xx_hal_tim.o [1]
HAL_TIM_PeriodElapsedCallback
                         0x800'3acd   0x12  Code  Gb  main.o [1]
HardFault_Handler        0x800'3cff    0x2  Code  Gb  stm32f1xx_it.o [1]
KeyScan                  0x800'1875  0x144  Code  Gb  key.o [1]
MX_CAN_Init              0x800'37bb   0x4a  Code  Lc  main.o [1]
MX_GPIO_Init             0x800'38d1   0xcc  Code  Lc  main.o [1]
MX_TIM4_Init             0x800'3805   0xcc  Code  Lc  main.o [1]
MemManage_Handler        0x800'3d01    0x2  Code  Gb  stm32f1xx_it.o [1]
MoveFlashBufferData      0x800'1305   0x34  Code  Gb  cell.o [1]
NMI_Handler              0x800'3cfd    0x2  Code  Gb  stm32f1xx_it.o [1]
NVIC_EnableIRQ           0x800'1475   0x16  Code  Lc  stm32f1xx_hal_cortex.o [1]
NVIC_EncodePriority      0x800'14b7   0x40  Code  Lc  stm32f1xx_hal_cortex.o [1]
NVIC_GetPriorityGrouping
                         0x800'146b    0xa  Code  Lc  stm32f1xx_hal_cortex.o [1]
NVIC_SetPriority         0x800'148b   0x2c  Code  Lc  stm32f1xx_hal_cortex.o [1]
NVIC_SetPriorityGrouping
                         0x800'144d   0x1e  Code  Lc  stm32f1xx_hal_cortex.o [1]
NVIC_SystemReset         0x800'0d89   0x1e  Code  Lc  cell.o [1]
PendSV_Handler           0x800'2931         Code  Gb  portasm.o [1]
PeriodicityTask          0x800'3a57   0x1c  Code  Gb  main.o [1]
PeriodicityTask::xLastWakeTime
                        0x2000'0f58    0x4  Data  Lc  main.o [1]
PeriodicityTaskHandle   0x2000'0f54    0x4  Data  Gb  main.o [1]
PraseCommand             0x800'0fc9   0x9c  Code  Gb  cell.o [1]
RCC_Delay                0x800'2fa5   0x26  Code  Lc  stm32f1xx_hal_rcc.o [1]
ReadDataFromFlash        0x800'13a1   0x34  Code  Gb  cell.o [1]
Region$$Table$$Base      0x800'3dd0          --   Gb  - Linker created -
Region$$Table$$Limit     0x800'3df4          --   Gb  - Linker created -
RepuestIdAndAddr         0x800'0e8b  0x10e  Code  Gb  cell.o [1]
ResetRemainingGoods      0x800'10d3    0xe  Code  Gb  cell.o [1]
SVC_Handler              0x800'2977         Code  Gb  portasm.o [1]
SaveDataToFlash          0x800'1339   0x68  Code  Gb  cell.o [1]
SetDuty                  0x800'13fd   0x4e  Code  Gb  cell.o [1]
StartDefaultTask         0x800'3a73   0x18  Code  Gb  main.o [1]
SwitchScan               0x800'126f   0x80  Code  Gb  cell.o [1]
SysTick_Config           0x800'14f7   0x30  Code  Lc  stm32f1xx_hal_cortex.o [1]
SysTick_Handler          0x800'3d09    0x8  Code  Gb  stm32f1xx_it.o [1]
SystemClock_Config       0x800'3737   0x84  Code  Gb  main.o [1]
SystemCoreClock         0x2000'0004    0x4  Data  Gb  system_stm32f1xx.o [1]
SystemInit               0x800'3ca5   0x3e  Code  Gb  system_stm32f1xx.o [1]
TIM2_IRQHandler          0x800'3d39    0xa  Code  Gb  stm32f1xx_it.o [1]
TIM_Base_SetConfig       0x800'346b   0x66  Code  Gb  stm32f1xx_hal_tim.o [1]
TIM_CCxChannelCmd        0x800'3665   0x1c  Code  Gb  stm32f1xx_hal_tim.o [1]
TIM_OC1_SetConfig        0x800'34d1   0x60  Code  Lc  stm32f1xx_hal_tim.o [1]
TIM_OC2_SetConfig        0x800'3531   0x6e  Code  Gb  stm32f1xx_hal_tim.o [1]
TIM_OC3_SetConfig        0x800'359f   0x68  Code  Lc  stm32f1xx_hal_tim.o [1]
TIM_OC4_SetConfig        0x800'3607   0x52  Code  Lc  stm32f1xx_hal_tim.o [1]
TestBreak                0x800'3c89    0x2  Code  Gb  test.o [1]
Test_AddMotorSpeed       0x800'3bc9   0x5a  Code  Gb  test.o [1]
Test_ReduceMotorSpeed    0x800'3c23   0x5a  Code  Gb  test.o [1]
USB_HP_CAN1_TX_IRQHandler
                         0x800'3d11    0xa  Code  Gb  stm32f1xx_it.o [1]
USB_LP_CAN1_RX0_IRQHandler
                         0x800'3d1b    0xa  Code  Gb  stm32f1xx_it.o [1]
UsageFault_Handler       0x800'3d05    0x2  Code  Gb  stm32f1xx_it.o [1]
_Error_Handler           0x800'3adf    0x2  Code  Gb  main.o [1]
__aeabi_llsr             0x800'1ce1         Code  Gb  U64Shr.o [3]
__aeabi_memcpy4          0x800'30a5         Code  Gb  ABImemcpy.o [3]
__aeabi_memcpy8          0x800'30a5         Code  Gb  ABImemcpy.o [3]
__aeabi_memset           0x800'1c79         Code  Gb  ABImemset.o [3]
__cmain                  0x800'3e15         Code  Gb  cmain.o [3]
__exit                   0x800'3e49   0x14  Code  Gb  exit.o [4]
__iar_Memset             0x800'1c79         Code  Gb  ABImemset.o [3]
__iar_Memset_word        0x800'1c81         Code  Gb  ABImemset.o [3]
__iar_copy_init3         0x800'3d7d   0x2c  Code  Gb  copy_init3.o [3]
__iar_data_init3         0x800'3da9   0x28  Code  Gb  data_init.o [3]
__iar_program_start      0x800'3ec1         Code  Gb  cstartup_M.o [3]
__iar_zero_init3         0x800'0bb7   0x3a  Code  Gb  zero_init3.o [3]
__low_level_init         0x800'3e33    0x4  Code  Gb  low_level_init.o [2]
__vector_table           0x800'0000         Data  Gb  startup_stm32f103xb.o [1]
_call_main               0x800'3e21         Code  Gb  cmain.o [3]
_exit                    0x800'3e3d         Code  Gb  cexit.o [3]
_main                    0x800'3e2f         Code  Gb  cmain.o [3]
defaultTaskHandle       0x2000'0f50    0x4  Data  Gb  main.o [1]
exit                     0x800'3e37    0x4  Code  Gb  exit.o [2]
hcan                    0x2000'0d84   0x44  Data  Gb  main.o [1]
htim2                   0x2000'0e08   0x40  Data  Gb  stm32f1xx_hal_timebase_TIM.o [1]
htim4                   0x2000'0dc8   0x40  Data  Gb  main.o [1]
main                     0x800'3689   0xae  Code  Gb  main.o [1]
makeFreeRtosPriority     0x800'3b0d   0x16  Code  Lc  cmsis_os.o [1]
osKernelStart            0x800'3b23    0xa  Code  Gb  cmsis_os.o [1]
osSystickHandler         0x800'3b5b   0x10  Code  Gb  cmsis_os.o [1]
osThreadCreate           0x800'3b2d   0x2e  Code  Gb  cmsis_os.o [1]
pFlash                  0x2000'0e98   0x20  Data  Gb  stm32f1xx_hal_flash.o [1]
prvAddCurrentTaskToDelayedList
                         0x800'23d5   0x82  Code  Lc  tasks.o [1]
prvAddNewTaskToReadyList
                         0x800'1e3b   0x9a  Code  Lc  tasks.o [1]
prvCheckTasksWaitingTermination
                         0x800'22f5   0x54  Code  Lc  tasks.o [1]
prvDeleteTCB             0x800'234d   0x12  Code  Lc  tasks.o [1]
prvHeapInit              0x800'262d   0x62  Code  Lc  heap_4.o [1]
prvIdleTask              0x800'2279   0x24  Code  Lc  tasks.o [1]
prvInitialiseNewTask     0x800'1d75   0xc6  Code  Lc  tasks.o [1]
prvInitialiseTaskLists   0x800'229d   0x54  Code  Lc  tasks.o [1]
prvInsertBlockIntoFreeList
                         0x800'268f   0x5e  Code  Lc  heap_4.o [1]
prvResetNextTaskUnblockTime
                         0x800'235f   0x2a  Code  Lc  tasks.o [1]
prvTaskExitError         0x800'27c9   0x2a  Code  Lc  port.o [1]
pvPortMalloc             0x800'2499  0x120  Code  Gb  heap_4.o [1]
pxCurrentTCB            0x2000'0f64    0x4  Data  Gb  tasks.o [1]
pxDelayedTaskList       0x2000'0f68    0x4  Data  Lc  tasks.o [1]
pxEnd                   0x2000'0f40    0x4  Data  Lc  heap_4.o [1]
pxOverflowDelayedTaskList
                        0x2000'0f6c    0x4  Data  Lc  tasks.o [1]
pxPortInitialiseStack    0x800'27a9   0x20  Code  Gb  port.o [1]
pxReadyTasksLists       0x2000'0cf8   0x8c  Data  Lc  tasks.o [1]
rxmsg                   0x2000'0e70   0x24  Data  Gb  main.o [1]
testDuty                0x2000'0fa0    0x4  Data  Gb  test.o [1]
txmsg                   0x2000'0eb8   0x1c  Data  Gb  main.o [1]
ucHeap                  0x2000'000c  0xc00  Data  Lc  heap_4.o [1]
ucMaxSysCallPriority    0x2000'0fa4    0x1  Data  Lc  port.o [1]
ulMaxPRIGROUPValue      0x2000'0f5c    0x4  Data  Lc  port.o [1]
uwTick                  0x2000'0f60    0x4  Data  Gb  stm32f1xx_hal.o [1]
uwTickFreq              0x2000'0008    0x1  Data  Gb  stm32f1xx_hal.o [1]
uxCriticalNesting       0x2000'0000    0x4  Data  Lc  port.o [1]
uxCurrentNumberOfTasks  0x2000'0f74    0x4  Data  Lc  tasks.o [1]
uxDeletedTasksWaitingCleanUp
                        0x2000'0f70    0x4  Data  Lc  tasks.o [1]
uxListRemove             0x800'277f   0x28  Code  Gb  list.o [1]
uxPendedTicks           0x2000'0f84    0x4  Data  Lc  tasks.o [1]
uxSchedulerSuspended    0x2000'0f9c    0x4  Data  Lc  tasks.o [1]
uxTaskNumber            0x2000'0f90    0x4  Data  Lc  tasks.o [1]
uxTopReadyPriority      0x2000'0f7c    0x4  Data  Lc  tasks.o [1]
vListInitialise          0x800'270d   0x1e  Code  Gb  list.o [1]
vListInitialiseItem      0x800'272b    0x6  Code  Gb  list.o [1]
vListInsert              0x800'2749   0x36  Code  Gb  list.o [1]
vListInsertEnd           0x800'2731   0x18  Code  Gb  list.o [1]
vPortEnterCritical       0x800'2867   0x34  Code  Gb  port.o [1]
vPortExitCritical        0x800'289b   0x2c  Code  Gb  port.o [1]
vPortFree                0x800'25b9   0x74  Code  Gb  heap_4.o [1]
vPortStartFirstTask      0x800'2997         Code  Gb  portasm.o [1]
vTaskDelayUntil          0x800'1ed5   0xae  Code  Gb  tasks.o [1]
vTaskStartScheduler      0x800'1f83   0x68  Code  Gb  tasks.o [1]
vTaskSuspendAll          0x800'1feb    0xc  Code  Gb  tasks.o [1]
vTaskSwitchContext       0x800'21f3   0x6c  Code  Gb  tasks.o [1]
xBlockAllocatedBit      0x2000'0f4c    0x4  Data  Lc  heap_4.o [1]
xDelayedTaskList1       0x2000'0ed4   0x14  Data  Lc  tasks.o [1]
xDelayedTaskList2       0x2000'0ee8   0x14  Data  Lc  tasks.o [1]
xFreeBytesRemaining     0x2000'0f44    0x4  Data  Lc  heap_4.o [1]
xHeapStructSize          0x800'3ef0    0x4  Data  Lc  heap_4.o [1]
xIdleTaskHandle         0x2000'0f98    0x4  Data  Lc  tasks.o [1]
xMinimumEverFreeBytesRemaining
                        0x2000'0f48    0x4  Data  Lc  heap_4.o [1]
xNextTaskUnblockTime    0x2000'0f94    0x4  Data  Lc  tasks.o [1]
xNumOfOverflows         0x2000'0f8c    0x4  Data  Lc  tasks.o [1]
xPendingReadyList       0x2000'0efc   0x14  Data  Lc  tasks.o [1]
xPortStartScheduler      0x800'27f3   0x74  Code  Gb  port.o [1]
xPortSysTickHandler      0x800'28c7   0x28  Code  Gb  port.o [1]
xSchedulerRunning       0x2000'0f80    0x4  Data  Lc  tasks.o [1]
xStart                  0x2000'0f38    0x8  Data  Lc  heap_4.o [1]
xSuspendedTaskList      0x2000'0f24   0x14  Data  Lc  tasks.o [1]
xTaskCreate              0x800'1d01   0x74  Code  Gb  tasks.o [1]
xTaskGetSchedulerState   0x800'2389   0x20  Code  Gb  tasks.o [1]
xTaskGetTickCount        0x800'20df    0x8  Code  Gb  tasks.o [1]
xTaskIncrementTick       0x800'20e7  0x10c  Code  Gb  tasks.o [1]
xTaskResumeAll           0x800'1ff7   0xe8  Code  Gb  tasks.o [1]
xTasksWaitingTermination
                        0x2000'0f10   0x14  Data  Lc  tasks.o [1]
xTickCount              0x2000'0f78    0x4  Data  Lc  tasks.o [1]
xYieldPending           0x2000'0f88    0x4  Data  Lc  tasks.o [1]


[1] = F:\New Sale System\Code\Cell\EWARM\Cell\Obj
[2] = dl7M_tlf.a
[3] = rt7M_tl.a
[4] = shb_l.a

  16 026 bytes of readonly  code memory
     242 bytes of readonly  data memory
   5 026 bytes of readwrite data memory

Errors: none
Warnings: none
