###############################################################################
#
# IAR ELF Linker V7.60.2.11341/W32 for ARM                28/Jun/2018  00:50:56
# Copyright 2007-2016 IAR Systems AB.
#
#    Output file  =  F:\New Sale System\Code\Cell\EWARM\Cell\Exe\Cell.out
#    Map file     =  F:\New Sale System\Code\Cell\EWARM\Cell\List\Cell.map
#    Command line =  
#        "F:\New Sale System\Code\Cell\EWARM\Cell\Obj\cell.o" "F:\New Sale
#        System\Code\Cell\EWARM\Cell\Obj\cmsis_os.o" "F:\New Sale
#        System\Code\Cell\EWARM\Cell\Obj\croutine.o" "F:\New Sale
#        System\Code\Cell\EWARM\Cell\Obj\event_groups.o" "F:\New Sale
#        System\Code\Cell\EWARM\Cell\Obj\freertos.o" "F:\New Sale
#        System\Code\Cell\EWARM\Cell\Obj\heap_4.o" "F:\New Sale
#        System\Code\Cell\EWARM\Cell\Obj\key.o" "F:\New Sale
#        System\Code\Cell\EWARM\Cell\Obj\list.o" "F:\New Sale
#        System\Code\Cell\EWARM\Cell\Obj\main.o" "F:\New Sale
#        System\Code\Cell\EWARM\Cell\Obj\port.o" "F:\New Sale
#        System\Code\Cell\EWARM\Cell\Obj\portasm.o" "F:\New Sale
#        System\Code\Cell\EWARM\Cell\Obj\queue.o" "F:\New Sale
#        System\Code\Cell\EWARM\Cell\Obj\startup_stm32f103xb.o" "F:\New Sale
#        System\Code\Cell\EWARM\Cell\Obj\stm32f1xx_hal.o" "F:\New Sale
#        System\Code\Cell\EWARM\Cell\Obj\stm32f1xx_hal_can.o" "F:\New Sale
#        System\Code\Cell\EWARM\Cell\Obj\stm32f1xx_hal_cortex.o" "F:\New Sale
#        System\Code\Cell\EWARM\Cell\Obj\stm32f1xx_hal_dma.o" "F:\New Sale
#        System\Code\Cell\EWARM\Cell\Obj\stm32f1xx_hal_flash.o" "F:\New Sale
#        System\Code\Cell\EWARM\Cell\Obj\stm32f1xx_hal_flash_ex.o" "F:\New Sale
#        System\Code\Cell\EWARM\Cell\Obj\stm32f1xx_hal_gpio.o" "F:\New Sale
#        System\Code\Cell\EWARM\Cell\Obj\stm32f1xx_hal_gpio_ex.o" "F:\New Sale
#        System\Code\Cell\EWARM\Cell\Obj\stm32f1xx_hal_msp.o" "F:\New Sale
#        System\Code\Cell\EWARM\Cell\Obj\stm32f1xx_hal_pwr.o" "F:\New Sale
#        System\Code\Cell\EWARM\Cell\Obj\stm32f1xx_hal_rcc.o" "F:\New Sale
#        System\Code\Cell\EWARM\Cell\Obj\stm32f1xx_hal_rcc_ex.o" "F:\New Sale
#        System\Code\Cell\EWARM\Cell\Obj\stm32f1xx_hal_tim.o" "F:\New Sale
#        System\Code\Cell\EWARM\Cell\Obj\stm32f1xx_hal_tim_ex.o" "F:\New Sale
#        System\Code\Cell\EWARM\Cell\Obj\stm32f1xx_hal_timebase_TIM.o" "F:\New
#        Sale System\Code\Cell\EWARM\Cell\Obj\stm32f1xx_it.o" "F:\New Sale
#        System\Code\Cell\EWARM\Cell\Obj\system_stm32f1xx.o" "F:\New Sale
#        System\Code\Cell\EWARM\Cell\Obj\tasks.o" "F:\New Sale
#        System\Code\Cell\EWARM\Cell\Obj\timers.o" --redirect
#        _Printf=_PrintfFull --redirect _Scanf=_ScanfFull -o "F:\New Sale
#        System\Code\Cell\EWARM\Cell\Exe\Cell.out" --map "F:\New Sale
#        System\Code\Cell\EWARM\Cell\List\Cell.map" --config "F:\New Sale
#        System\Code\Cell\EWARM/stm32f103xb_flash.icf" --semihosting --entry
#        __iar_program_start --vfe
#
###############################################################################

*******************************************************************************
*** RUNTIME MODEL ATTRIBUTES
***

CppFlavor       = *
__SystemLibrary = DLib


*******************************************************************************
*** PLACEMENT SUMMARY
***

"A1":  place at 0x08000000 { ro section .intvec };
"P1":  place in [from 0x08000000 to 0x0801ffff] { ro };
"P2":  place in [from 0x20000000 to 0x20004fff] { rw, block CSTACK, block HEAP };
initialize by copy { rw };

  Section            Kind        Address    Size  Object
  -------            ----        -------    ----  ------
"A1":                                       0xec
  .intvec            ro code  0x08000000    0xec  startup_stm32f103xb.o [1]
                            - 0x080000ec    0xec

"P1":                                     0x3d0c
  .text              ro code  0x080000ec   0xa68  stm32f1xx_hal_can.o [1]
  .text              ro code  0x08000b54   0x19c  stm32f1xx_hal_msp.o [1]
  .text              ro code  0x08000cf0    0x44  stm32f1xx_hal.o [1]
  .text              ro code  0x08000d34   0x400  cell.o [1]
  .text              ro code  0x08001134   0x160  stm32f1xx_hal_cortex.o [1]
  .text              ro code  0x08001294   0x328  stm32f1xx_hal_gpio.o [1]
  .text              ro code  0x080015bc    0x90  stm32f1xx_hal_timebase_TIM.o [1]
  .text              ro code  0x0800164c   0x1f0  stm32f1xx_hal_flash.o [1]
  .text              ro code  0x0800183c   0x118  stm32f1xx_hal_flash_ex.o [1]
  .text              ro code  0x08001954    0x66  ABImemset.o [4]
  .rodata            const    0x080019ba     0x2  stm32f1xx_hal_rcc.o [1]
  .text              ro code  0x080019bc   0x71c  stm32f1xx_hal_rcc.o [1]
  .text              ro code  0x080020d8   0x58e  stm32f1xx_hal_tim.o [1]
  .text              ro code  0x08002668    0x1e  U64Shr.o [4]
  .text              ro code  0x08002688    0x56  ABImemcpy_unaligned.o [4]
  .text              ro code  0x080026e0   0x47c  main.o [1]
  .text              ro code  0x08002b5c    0x64  stm32f1xx_hal_tim_ex.o [1]
  .text              ro code  0x08002bc0    0x5a  cmsis_os.o [1]
  .text              ro code  0x08002c1c   0x83c  tasks.o [1]
  .text              ro code  0x08003458   0x13c  key.o [1]
  .text              ro code  0x08003594   0x1a4  port.o [1]
  .text              ro code  0x08003738   0x284  heap_4.o [1]
  .text              ro code  0x080039bc    0x9e  list.o [1]
  CODE               ro code  0x08003a5c    0x88  portasm.o [1]
  .text              ro code  0x08003ae4    0x68  system_stm32f1xx.o [1]
  .text              ro code  0x08003b4c    0x50  stm32f1xx_it.o [1]
  .text              ro code  0x08003b9c    0x40  zero_init3.o [4]
  .rodata            const    0x08003bdc    0x30  main.o [1]
  .text              ro code  0x08003c0c    0x2c  copy_init3.o [4]
  .text              ro code  0x08003c38    0x28  data_init.o [4]
  .iar.init_table    const    0x08003c60    0x24  - Linker created -
  .text              ro code  0x08003c84    0x1a  cmain.o [4]
  .text              ro code  0x08003c9e     0x4  low_level_init.o [3]
  .text              ro code  0x08003ca2     0x4  exit.o [3]
  .text              ro code  0x08003ca8     0xa  cexit.o [4]
  .text              ro code  0x08003cb4    0x14  exit.o [5]
  .rodata            const    0x08003cc8    0x14  main.o [1]
  .rodata            const    0x08003cdc    0x14  main.o [1]
  .rodata            const    0x08003cf0    0x10  stm32f1xx_hal_rcc.o [1]
  .rodata            const    0x08003d00    0x10  system_stm32f1xx.o [1]
  .text              ro code  0x08003d10    0x10  startup_stm32f103xb.o [1]
  .rodata            const    0x08003d20     0xc  main.o [1]
  .text              ro code  0x08003d2c     0xc  cstartup_M.o [4]
  Initializer bytes  const    0x08003d38     0xc  <for P2-1>
  .rodata            const    0x08003d44     0x8  main.o [1]
  .rodata            const    0x08003d4c     0x8  system_stm32f1xx.o [1]
  .rodata            const    0x08003d54     0x8  tasks.o [1]
  .rodata            const    0x08003d5c     0x4  heap_4.o [1]
  .text              ro code  0x08003d60     0x4  startup_stm32f103xb.o [1]
  .text              ro code  0x08003d64     0x4  startup_stm32f103xb.o [1]
  .text              ro code  0x08003d68     0x4  startup_stm32f103xb.o [1]
  .text              ro code  0x08003d6c     0x4  startup_stm32f103xb.o [1]
  .text              ro code  0x08003d70     0x4  startup_stm32f103xb.o [1]
  .text              ro code  0x08003d74     0x4  startup_stm32f103xb.o [1]
  .text              ro code  0x08003d78     0x4  startup_stm32f103xb.o [1]
  .text              ro code  0x08003d7c     0x4  startup_stm32f103xb.o [1]
  .text              ro code  0x08003d80     0x4  startup_stm32f103xb.o [1]
  .text              ro code  0x08003d84     0x4  startup_stm32f103xb.o [1]
  .text              ro code  0x08003d88     0x4  startup_stm32f103xb.o [1]
  .text              ro code  0x08003d8c     0x4  startup_stm32f103xb.o [1]
  .text              ro code  0x08003d90     0x4  startup_stm32f103xb.o [1]
  .text              ro code  0x08003d94     0x4  startup_stm32f103xb.o [1]
  .text              ro code  0x08003d98     0x4  startup_stm32f103xb.o [1]
  .text              ro code  0x08003d9c     0x4  startup_stm32f103xb.o [1]
  .text              ro code  0x08003da0     0x4  startup_stm32f103xb.o [1]
  .text              ro code  0x08003da4     0x4  startup_stm32f103xb.o [1]
  .text              ro code  0x08003da8     0x4  startup_stm32f103xb.o [1]
  .text              ro code  0x08003dac     0x4  startup_stm32f103xb.o [1]
  .text              ro code  0x08003db0     0x4  startup_stm32f103xb.o [1]
  .text              ro code  0x08003db4     0x4  startup_stm32f103xb.o [1]
  .text              ro code  0x08003db8     0x4  startup_stm32f103xb.o [1]
  .text              ro code  0x08003dbc     0x4  startup_stm32f103xb.o [1]
  .text              ro code  0x08003dc0     0x4  startup_stm32f103xb.o [1]
  .text              ro code  0x08003dc4     0x4  startup_stm32f103xb.o [1]
  .text              ro code  0x08003dc8     0x4  startup_stm32f103xb.o [1]
  .text              ro code  0x08003dcc     0x4  startup_stm32f103xb.o [1]
  .text              ro code  0x08003dd0     0x4  startup_stm32f103xb.o [1]
  .text              ro code  0x08003dd4     0x4  startup_stm32f103xb.o [1]
  .text              ro code  0x08003dd8     0x4  startup_stm32f103xb.o [1]
  .text              ro code  0x08003ddc     0x4  startup_stm32f103xb.o [1]
  .text              ro code  0x08003de0     0x4  startup_stm32f103xb.o [1]
  .text              ro code  0x08003de4     0x4  startup_stm32f103xb.o [1]
  .text              ro code  0x08003de8     0x4  startup_stm32f103xb.o [1]
  .text              ro code  0x08003dec     0x4  startup_stm32f103xb.o [1]
  .text              ro code  0x08003df0     0x4  startup_stm32f103xb.o [1]
  .text              ro code  0x08003df4     0x4  startup_stm32f103xb.o [1]
  .rodata            const    0x08003df8     0x0  zero_init3.o [4]
  .rodata            const    0x08003df8     0x0  copy_init3.o [4]
                            - 0x08003df8  0x3d0c

"P2", part 1 of 3:                           0xc
  P2-1                        0x20000000     0x9  <Init block>
    .data            inited   0x20000000     0x4  port.o [1]
    .data            inited   0x20000004     0x4  system_stm32f1xx.o [1]
    .data            inited   0x20000008     0x1  stm32f1xx_hal.o [1]
                            - 0x20000009     0x9

"P2", part 2 of 3:                         0x400
  CSTACK                      0x20000010   0x400  <Block>
    CSTACK           uninit   0x20000010   0x400  <Block tail>
                            - 0x20000410   0x400

"P2", part 3 of 3:                         0xef8
  .bss               zero     0x20000410   0xc00  heap_4.o [1]
  .bss               zero     0x20001010    0x8c  tasks.o [1]
  .bss               zero     0x2000109c    0x44  cell.o [1]
  .bss               zero     0x200010e0    0x44  main.o [1]
  .bss               zero     0x20001124    0x40  main.o [1]
  .bss               zero     0x20001164    0x40  stm32f1xx_hal_timebase_TIM.o [1]
  .bss               zero     0x200011a4    0x28  cell.o [1]
  .bss               zero     0x200011cc    0x24  main.o [1]
  .bss               zero     0x200011f0    0x20  stm32f1xx_hal_flash.o [1]
  .bss               zero     0x20001210    0x1c  main.o [1]
  .bss               zero     0x2000122c    0x14  tasks.o [1]
  .bss               zero     0x20001240    0x14  tasks.o [1]
  .bss               zero     0x20001254    0x14  tasks.o [1]
  .bss               zero     0x20001268    0x14  tasks.o [1]
  .bss               zero     0x2000127c    0x14  tasks.o [1]
  .bss               zero     0x20001290     0x8  heap_4.o [1]
  .bss               zero     0x20001298     0x4  cell.o [1]
  .bss               zero     0x2000129c     0x4  cell.o [1]
  .bss               zero     0x200012a0     0x4  cell.o [1]
  .bss               zero     0x200012a4     0x4  heap_4.o [1]
  .bss               zero     0x200012a8     0x4  heap_4.o [1]
  .bss               zero     0x200012ac     0x4  heap_4.o [1]
  .bss               zero     0x200012b0     0x4  heap_4.o [1]
  .bss               zero     0x200012b4     0x4  main.o [1]
  .bss               zero     0x200012b8     0x4  main.o [1]
  .bss               zero     0x200012bc     0x4  main.o [1]
  .bss               zero     0x200012c0     0x4  port.o [1]
  .bss               zero     0x200012c4     0x4  stm32f1xx_hal.o [1]
  .bss               zero     0x200012c8     0x4  tasks.o [1]
  .bss               zero     0x200012cc     0x4  tasks.o [1]
  .bss               zero     0x200012d0     0x4  tasks.o [1]
  .bss               zero     0x200012d4     0x4  tasks.o [1]
  .bss               zero     0x200012d8     0x4  tasks.o [1]
  .bss               zero     0x200012dc     0x4  tasks.o [1]
  .bss               zero     0x200012e0     0x4  tasks.o [1]
  .bss               zero     0x200012e4     0x4  tasks.o [1]
  .bss               zero     0x200012e8     0x4  tasks.o [1]
  .bss               zero     0x200012ec     0x4  tasks.o [1]
  .bss               zero     0x200012f0     0x4  tasks.o [1]
  .bss               zero     0x200012f4     0x4  tasks.o [1]
  .bss               zero     0x200012f8     0x4  tasks.o [1]
  .bss               zero     0x200012fc     0x4  tasks.o [1]
  .bss               zero     0x20001300     0x4  tasks.o [1]
  .bss               zero     0x20001304     0x1  port.o [1]
                            - 0x20001305   0xef5


*******************************************************************************
*** INIT TABLE
***

          Address     Size
          -------     ----
Zero (__iar_zero_init3)
    1 destination range, total size 0xef5:
          0x20000410  0xef5

Copy (__iar_copy_init3)
    1 source range, total size 0xc (133% of destination):
          0x08003d38    0xc
    1 destination range, total size 0x9:
          0x20000000    0x9



*******************************************************************************
*** MODULE SUMMARY
***

    Module                        ro code  ro data  rw data
    ------                        -------  -------  -------
F:\New Sale System\Code\Cell\EWARM\Cell\Obj: [1]
    cell.o                          1 024               120
    cmsis_os.o                         90
    heap_4.o                          644        4    3 096
    key.o                             316
    list.o                            158
    main.o                          1 148      108      208
    port.o                            420        4        9
    portasm.o                         136
    startup_stm32f103xb.o             404
    stm32f1xx_hal.o                    68        1        5
    stm32f1xx_hal_can.o             2 664
    stm32f1xx_hal_cortex.o            352
    stm32f1xx_hal_flash.o             496                32
    stm32f1xx_hal_flash_ex.o          280
    stm32f1xx_hal_gpio.o              808
    stm32f1xx_hal_msp.o               412
    stm32f1xx_hal_rcc.o             1 820       18
    stm32f1xx_hal_tim.o             1 422
    stm32f1xx_hal_tim_ex.o            100
    stm32f1xx_hal_timebase_TIM.o      144                64
    stm32f1xx_it.o                     80
    system_stm32f1xx.o                104       28        4
    tasks.o                         2 108        8      300
    -------------------------------------------------------
    Total:                         15 198      171    3 838

command line: [2]
    -------------------------------------------------------
    Total:

dl7M_tlf.a: [3]
    exit.o                              4
    low_level_init.o                    4
    -------------------------------------------------------
    Total:                              8

rt7M_tl.a: [4]
    ABImemcpy_unaligned.o              86
    ABImemset.o                       102
    U64Shr.o                           30
    cexit.o                            10
    cmain.o                            26
    copy_init3.o                       44
    cstartup_M.o                       12
    data_init.o                        40
    zero_init3.o                       64
    -------------------------------------------------------
    Total:                            414

shb_l.a: [5]
    exit.o                             20
    -------------------------------------------------------
    Total:                             20

    Gaps                               14
    Linker created                              39    1 024
-----------------------------------------------------------
    Grand Total:                   15 654      210    4 862


*******************************************************************************
*** ENTRY LIST
***

Entry                      Address   Size  Type      Object
-----                      -------   ----  ----      ------
.iar.init_table$$Base   0x08003c60          --   Gb  - Linker created -
.iar.init_table$$Limit  0x08003c84          --   Gb  - Linker created -
?main                   0x08003c85         Code  Gb  cmain.o [4]
AHBPrescTable           0x08003d00   0x10  Data  Gb  system_stm32f1xx.o [1]
APBPrescTable           0x08003d4c    0x8  Data  Gb  system_stm32f1xx.o [1]
BusFault_Handler        0x08003b53    0x2  Code  Gb  stm32f1xx_it.o [1]
CAN1_RX1_IRQHandler     0x08003b75    0xa  Code  Gb  stm32f1xx_it.o [1]
CAN1_SCE_IRQHandler     0x08003b7f    0xa  Code  Gb  stm32f1xx_it.o [1]
CAN_Filter_Init         0x08002a39   0x90  Code  Lc  main.o [1]
CAN_Receive_IT          0x0800098f  0x1c6  Code  Lc  stm32f1xx_hal_can.o [1]
CAN_Transmit_IT         0x08000931   0x5e  Code  Lc  stm32f1xx_hal_can.o [1]
CSTACK$$Base            0x20000010          --   Gb  - Linker created -
CSTACK$$Limit           0x20000410          --   Gb  - Linker created -
Cell                    0x2000109c   0x44  Data  Gb  cell.o [1]
Cell_Init               0x08000d35   0x72  Code  Gb  cell.o [1]
CheckCommand            0x08000e8f   0x48  Code  Gb  cell.o [1]
DebugMon_Handler        0x08003b57    0x2  Code  Gb  stm32f1xx_it.o [1]
Delay                   0x08000fdf   0x16  Code  Lc  cell.o [1]
Deliver                 0x08000ed7   0xec  Code  Gb  cell.o [1]
DoNothing               0x08000fdd    0x2  Code  Gb  cell.o [1]
FLASH_MassErase         0x080018f9   0x2a  Code  Lc  stm32f1xx_hal_flash_ex.o [1]
FLASH_PageErase         0x08001923   0x24  Code  Gb  stm32f1xx_hal_flash_ex.o [1]
FLASH_Program_HalfWord  0x08001741   0x16  Code  Lc  stm32f1xx_hal_flash.o [1]
FLASH_SetErrorCode      0x080017b3   0x6e  Code  Lc  stm32f1xx_hal_flash.o [1]
FLASH_WaitForLastOperation
                        0x08001757   0x5c  Code  Gb  stm32f1xx_hal_flash.o [1]
FlashDataBuffer         0x200011a4   0x28  Data  Gb  cell.o [1]
HAL_CAN_ConfigFilter    0x08000253  0x128  Code  Gb  stm32f1xx_hal_can.o [1]
HAL_CAN_ErrorCallback   0x0800092f    0x2  Code  Wk  stm32f1xx_hal_can.o [1]
HAL_CAN_IRQHandler      0x08000643  0x2d4  Code  Gb  stm32f1xx_hal_can.o [1]
HAL_CAN_Init            0x080000ed  0x166  Code  Gb  stm32f1xx_hal_can.o [1]
HAL_CAN_MspInit         0x08000bf5   0x96  Code  Gb  stm32f1xx_hal_msp.o [1]
HAL_CAN_Receive_IT      0x08000535  0x10e  Code  Gb  stm32f1xx_hal_can.o [1]
HAL_CAN_RxCpltCallback  0x08000e7b   0x14  Code  Gb  cell.o [1]
HAL_CAN_Transmit_IT     0x0800037b  0x1ba  Code  Gb  stm32f1xx_hal_can.o [1]
HAL_CAN_TxCpltCallback  0x0800092d    0x2  Code  Wk  stm32f1xx_hal_can.o [1]
HAL_FLASHEx_Erase       0x0800183d   0xbc  Code  Gb  stm32f1xx_hal_flash_ex.o [1]
HAL_FLASH_Lock          0x08001731   0x10  Code  Gb  stm32f1xx_hal_flash.o [1]
HAL_FLASH_Program       0x0800164d   0xbe  Code  Gb  stm32f1xx_hal_flash.o [1]
HAL_FLASH_Unlock        0x0800170b   0x26  Code  Gb  stm32f1xx_hal_flash.o [1]
HAL_GPIO_Init           0x08001295  0x2ba  Code  Gb  stm32f1xx_hal_gpio.o [1]
HAL_GPIO_ReadPin        0x0800154f   0x18  Code  Gb  stm32f1xx_hal_gpio.o [1]
HAL_GPIO_WritePin       0x08001567   0x14  Code  Gb  stm32f1xx_hal_gpio.o [1]
HAL_GetTick             0x08000d23    0x6  Code  Wk  stm32f1xx_hal.o [1]
HAL_IncTick             0x08000d13   0x10  Code  Wk  stm32f1xx_hal.o [1]
HAL_Init                0x08000cf1   0x22  Code  Gb  stm32f1xx_hal.o [1]
HAL_InitTick            0x080015bd   0x84  Code  Gb  stm32f1xx_hal_timebase_TIM.o [1]
HAL_MspInit             0x08000b55   0xa0  Code  Gb  stm32f1xx_hal_msp.o [1]
HAL_NVIC_EnableIRQ      0x08001237    0xe  Code  Gb  stm32f1xx_hal_cortex.o [1]
HAL_NVIC_SetPriority    0x08001211   0x26  Code  Gb  stm32f1xx_hal_cortex.o [1]
HAL_NVIC_SetPriorityGrouping
                        0x08001205    0xc  Code  Gb  stm32f1xx_hal_cortex.o [1]
HAL_RCC_ClockConfig     0x08001e1b  0x186  Code  Gb  stm32f1xx_hal_rcc.o [1]
HAL_RCC_GetClockConfig  0x08002035   0x3a  Code  Gb  stm32f1xx_hal_rcc.o [1]
HAL_RCC_GetHCLKFreq     0x08002019    0x6  Code  Gb  stm32f1xx_hal_rcc.o [1]
HAL_RCC_GetPCLK1Freq    0x0800201f   0x16  Code  Gb  stm32f1xx_hal_rcc.o [1]
HAL_RCC_GetSysClockFreq
                        0x08001fa1   0x78  Code  Gb  stm32f1xx_hal_rcc.o [1]
HAL_RCC_OscConfig       0x080019bd  0x45e  Code  Gb  stm32f1xx_hal_rcc.o [1]
HAL_SYSTICK_CLKSourceConfig
                        0x08001251   0x22  Code  Gb  stm32f1xx_hal_cortex.o [1]
HAL_SYSTICK_Config      0x08001245    0xc  Code  Gb  stm32f1xx_hal_cortex.o [1]
HAL_TIMEx_BreakCallback
                        0x08002bbd    0x2  Code  Wk  stm32f1xx_hal_tim_ex.o [1]
HAL_TIMEx_CommutationCallback
                        0x08002bbb    0x2  Code  Wk  stm32f1xx_hal_tim_ex.o [1]
HAL_TIMEx_MasterConfigSynchronization
                        0x08002b5d   0x5e  Code  Gb  stm32f1xx_hal_tim_ex.o [1]
HAL_TIM_Base_Init       0x080020d9   0x38  Code  Gb  stm32f1xx_hal_tim.o [1]
HAL_TIM_Base_MspInit    0x08002111    0x2  Code  Wk  stm32f1xx_hal_tim.o [1]
HAL_TIM_Base_Start_IT   0x08002113   0x1e  Code  Gb  stm32f1xx_hal_tim.o [1]
HAL_TIM_IC_CaptureCallback
                        0x08002421    0x2  Code  Wk  stm32f1xx_hal_tim.o [1]
HAL_TIM_IRQHandler      0x080021a5  0x176  Code  Gb  stm32f1xx_hal_tim.o [1]
HAL_TIM_MspPostInit     0x08000cb1   0x24  Code  Gb  stm32f1xx_hal_msp.o [1]
HAL_TIM_OC_DelayElapsedCallback
                        0x0800241f    0x2  Code  Wk  stm32f1xx_hal_tim.o [1]
HAL_TIM_PWM_ConfigChannel
                        0x0800231b  0x104  Code  Gb  stm32f1xx_hal_tim.o [1]
HAL_TIM_PWM_Init        0x08002131   0x38  Code  Gb  stm32f1xx_hal_tim.o [1]
HAL_TIM_PWM_MspInit     0x08000c8b   0x26  Code  Gb  stm32f1xx_hal_msp.o [1]
HAL_TIM_PWM_PulseFinishedCallback
                        0x08002423    0x2  Code  Wk  stm32f1xx_hal_tim.o [1]
HAL_TIM_PWM_Start       0x08002169   0x36  Code  Gb  stm32f1xx_hal_tim.o [1]
HAL_TIM_PeriodElapsedCallback
                        0x08002b49   0x12  Code  Gb  main.o [1]
HAL_TIM_TriggerCallback
                        0x08002425    0x2  Code  Wk  stm32f1xx_hal_tim.o [1]
HardFault_Handler       0x08003b4f    0x2  Code  Gb  stm32f1xx_it.o [1]
KeyScan                 0x08003459  0x13c  Code  Gb  key.o [1]
MX_CAN_Init             0x0800282b   0x62  Code  Lc  main.o [1]
MX_GPIO_Init            0x08002963   0xd6  Code  Lc  main.o [1]
MX_TIM4_Init            0x0800288d   0xd6  Code  Lc  main.o [1]
MemManage_Handler       0x08003b51    0x2  Code  Gb  stm32f1xx_it.o [1]
MoveFlashBufferData     0x08000ff5   0x30  Code  Gb  cell.o [1]
NMI_Handler             0x08003b4d    0x2  Code  Gb  stm32f1xx_it.o [1]
NVIC_EnableIRQ          0x0800115d   0x14  Code  Lc  stm32f1xx_hal_cortex.o [1]
NVIC_EncodePriority     0x08001197   0x3e  Code  Lc  stm32f1xx_hal_cortex.o [1]
NVIC_GetPriorityGrouping
                        0x08001153    0xa  Code  Lc  stm32f1xx_hal_cortex.o [1]
NVIC_SetPriority        0x08001171   0x26  Code  Lc  stm32f1xx_hal_cortex.o [1]
NVIC_SetPriorityGrouping
                        0x08001135   0x1e  Code  Lc  stm32f1xx_hal_cortex.o [1]
OnSwitchDown            0x08000fc5    0xc  Code  Gb  cell.o [1]
OnSwitchUp              0x08000fd1    0xc  Code  Gb  cell.o [1]
PendSV_Handler          0x08003a5d         Code  Gb  portasm.o [1]
PeriodicityTask         0x08002ac9   0x2c  Code  Gb  main.o [1]
PeriodicityTask::xLastWakeTime
                        0x200012bc    0x4  Data  Lc  main.o [1]
PeriodicityTaskHandle   0x200012b8    0x4  Data  Gb  main.o [1]
RCC_Delay               0x0800206f   0x26  Code  Lc  stm32f1xx_hal_rcc.o [1]
ReadDataFromFlash       0x08001093   0x38  Code  Gb  cell.o [1]
Region$$Table$$Base     0x08003c60          --   Gb  - Linker created -
Region$$Table$$Limit    0x08003c84          --   Gb  - Linker created -
RepuestIdAndAddr        0x08000da7   0xd4  Code  Gb  cell.o [1]
SVC_Handler             0x08003aa3         Code  Gb  portasm.o [1]
SaveDataToFlash         0x08001025   0x6e  Code  Gb  cell.o [1]
SetDuty                 0x080010ed   0x48  Code  Gb  cell.o [1]
StartDefaultTask        0x08002af5   0x12  Code  Gb  main.o [1]
SysTick_Config          0x080011d5   0x30  Code  Lc  stm32f1xx_hal_cortex.o [1]
SysTick_Handler         0x08003b59    0x8  Code  Gb  stm32f1xx_it.o [1]
SystemClock_Config      0x080027a1   0x8a  Code  Gb  main.o [1]
SystemCoreClock         0x20000004    0x4  Data  Gb  system_stm32f1xx.o [1]
SystemInit              0x08003ae5   0x4e  Code  Gb  system_stm32f1xx.o [1]
TIM2_IRQHandler         0x08003b89    0xa  Code  Gb  stm32f1xx_it.o [1]
TIM_Base_SetConfig      0x08002427   0x6c  Code  Gb  stm32f1xx_hal_tim.o [1]
TIM_CCxChannelCmd       0x08002649   0x1e  Code  Gb  stm32f1xx_hal_tim.o [1]
TIM_OC1_SetConfig       0x08002493   0x6e  Code  Lc  stm32f1xx_hal_tim.o [1]
TIM_OC2_SetConfig       0x08002501   0x78  Code  Gb  stm32f1xx_hal_tim.o [1]
TIM_OC3_SetConfig       0x08002579   0x70  Code  Lc  stm32f1xx_hal_tim.o [1]
TIM_OC4_SetConfig       0x080025e9   0x52  Code  Lc  stm32f1xx_hal_tim.o [1]
USB_HP_CAN1_TX_IRQHandler
                        0x08003b61    0xa  Code  Gb  stm32f1xx_it.o [1]
USB_LP_CAN1_RX0_IRQHandler
                        0x08003b6b    0xa  Code  Gb  stm32f1xx_it.o [1]
UsageFault_Handler      0x08003b55    0x2  Code  Gb  stm32f1xx_it.o [1]
_Error_Handler          0x08002b5b    0x2  Code  Gb  main.o [1]
__aeabi_llsr            0x08002669         Code  Gb  U64Shr.o [4]
__aeabi_memset          0x08001955         Code  Gb  ABImemset.o [4]
__cmain                 0x08003c85         Code  Gb  cmain.o [4]
__exit                  0x08003cb5   0x14  Code  Gb  exit.o [5]
__iar_Memset            0x08001955         Code  Gb  ABImemset.o [4]
__iar_Memset_word       0x0800195d         Code  Gb  ABImemset.o [4]
__iar_copy_init3        0x08003c0d   0x2c  Code  Gb  copy_init3.o [4]
__iar_data_init3        0x08003c39   0x28  Code  Gb  data_init.o [4]
__iar_program_start     0x08003d2d         Code  Gb  cstartup_M.o [4]
__iar_unaligned___aeabi_memcpy4
                        0x08002689         Code  Gb  ABImemcpy_unaligned.o [4]
__iar_unaligned___aeabi_memcpy8
                        0x08002689         Code  Gb  ABImemcpy_unaligned.o [4]
__iar_zero_init3        0x08003b9d   0x40  Code  Gb  zero_init3.o [4]
__low_level_init        0x08003c9f    0x4  Code  Gb  low_level_init.o [3]
__vector_table          0x08000000         Data  Gb  startup_stm32f103xb.o [1]
_call_main              0x08003c91         Code  Gb  cmain.o [4]
_exit                   0x08003ca9         Code  Gb  cexit.o [4]
_main                   0x08003c9b         Code  Gb  cmain.o [4]
defaultTaskHandle       0x200012b4    0x4  Data  Gb  main.o [1]
downcnt                 0x2000129c    0x4  Data  Gb  cell.o [1]
exit                    0x08003ca3    0x4  Code  Gb  exit.o [3]
hcan                    0x200010e0   0x44  Data  Gb  main.o [1]
htim2                   0x20001164   0x40  Data  Gb  stm32f1xx_hal_timebase_TIM.o [1]
htim4                   0x20001124   0x40  Data  Gb  main.o [1]
main                    0x080026e1   0xc0  Code  Gb  main.o [1]
makeFreeRtosPriority    0x08002bc1   0x12  Code  Lc  cmsis_os.o [1]
osKernelStart           0x08002bd3    0xa  Code  Gb  cmsis_os.o [1]
osSystickHandler        0x08002c0b   0x10  Code  Gb  cmsis_os.o [1]
osThreadCreate          0x08002bdd   0x2e  Code  Gb  cmsis_os.o [1]
pFlash                  0x200011f0   0x20  Data  Gb  stm32f1xx_hal_flash.o [1]
prvAddCurrentTaskToDelayedList
                        0x08003391   0x82  Code  Lc  tasks.o [1]
prvAddNewTaskToReadyList
                        0x08002d69   0xb8  Code  Lc  tasks.o [1]
prvCheckTasksWaitingTermination
                        0x08003295   0x66  Code  Lc  tasks.o [1]
prvDeleteTCB            0x08003301   0x12  Code  Lc  tasks.o [1]
prvHeapInit             0x080038cd   0x6e  Code  Lc  heap_4.o [1]
prvIdleTask             0x0800320d   0x26  Code  Lc  tasks.o [1]
prvInitialiseNewTask    0x08002ca1   0xc8  Code  Lc  tasks.o [1]
prvInitialiseTaskLists  0x08003235   0x5a  Code  Lc  tasks.o [1]
prvInsertBlockIntoFreeList
                        0x0800393b   0x62  Code  Lc  heap_4.o [1]
prvResetNextTaskUnblockTime
                        0x08003313   0x2e  Code  Lc  tasks.o [1]
prvTaskExitError        0x080035b5   0x2a  Code  Lc  port.o [1]
pvPortMalloc            0x08003739  0x11a  Code  Gb  heap_4.o [1]
pxCurrentTCB            0x200012c8    0x4  Data  Gb  tasks.o [1]
pxDelayedTaskList       0x200012cc    0x4  Data  Lc  tasks.o [1]
pxEnd                   0x200012a4    0x4  Data  Lc  heap_4.o [1]
pxOverflowDelayedTaskList
                        0x200012d0    0x4  Data  Lc  tasks.o [1]
pxPortInitialiseStack   0x08003595   0x20  Code  Gb  port.o [1]
pxReadyTasksLists       0x20001010   0x8c  Data  Lc  tasks.o [1]
rxcnt                   0x20001298    0x4  Data  Gb  cell.o [1]
rxmsg                   0x200011cc   0x24  Data  Gb  main.o [1]
txmsg                   0x20001210   0x1c  Data  Gb  main.o [1]
ucHeap                  0x20000410  0xc00  Data  Lc  heap_4.o [1]
ucMaxSysCallPriority    0x20001304    0x1  Data  Lc  port.o [1]
ulMaxPRIGROUPValue      0x200012c0    0x4  Data  Lc  port.o [1]
upcnt                   0x200012a0    0x4  Data  Gb  cell.o [1]
uwTick                  0x200012c4    0x4  Data  Gb  stm32f1xx_hal.o [1]
uwTickFreq              0x20000008    0x1  Data  Gb  stm32f1xx_hal.o [1]
uxCriticalNesting       0x20000000    0x4  Data  Lc  port.o [1]
uxCurrentNumberOfTasks  0x200012d8    0x4  Data  Lc  tasks.o [1]
uxDeletedTasksWaitingCleanUp
                        0x200012d4    0x4  Data  Lc  tasks.o [1]
uxListRemove            0x08003a33   0x28  Code  Gb  list.o [1]
uxPendedTicks           0x200012e8    0x4  Data  Lc  tasks.o [1]
uxSchedulerSuspended    0x20001300    0x4  Data  Lc  tasks.o [1]
uxTaskNumber            0x200012f4    0x4  Data  Lc  tasks.o [1]
uxTopReadyPriority      0x200012e0    0x4  Data  Lc  tasks.o [1]
vListInitialise         0x080039bd   0x1e  Code  Gb  list.o [1]
vListInitialiseItem     0x080039db    0x6  Code  Gb  list.o [1]
vListInsert             0x080039f9   0x3a  Code  Gb  list.o [1]
vListInsertEnd          0x080039e1   0x18  Code  Gb  list.o [1]
vPortEnterCritical      0x08003667   0x3a  Code  Gb  port.o [1]
vPortExitCritical       0x080036a1   0x32  Code  Gb  port.o [1]
vPortFree               0x08003853   0x7a  Code  Gb  heap_4.o [1]
vPortSetupTimerInterrupt
                        0x080036fb   0x1a  Code  Wk  port.o [1]
vPortStartFirstTask     0x08003ac3         Code  Gb  portasm.o [1]
vTaskDelayUntil         0x08002e21   0xb6  Code  Gb  tasks.o [1]
vTaskStartScheduler     0x08002ed7   0x68  Code  Gb  tasks.o [1]
vTaskSuspendAll         0x08002f3f   0x10  Code  Gb  tasks.o [1]
vTaskSwitchContext      0x08003181   0x72  Code  Gb  tasks.o [1]
xBlockAllocatedBit      0x200012b0    0x4  Data  Lc  heap_4.o [1]
xDelayedTaskList1       0x2000122c   0x14  Data  Lc  tasks.o [1]
xDelayedTaskList2       0x20001240   0x14  Data  Lc  tasks.o [1]
xFreeBytesRemaining     0x200012a8    0x4  Data  Lc  heap_4.o [1]
xHeapStructSize         0x08003d5c    0x4  Data  Lc  heap_4.o [1]
xIdleTaskHandle         0x200012fc    0x4  Data  Lc  tasks.o [1]
xMinimumEverFreeBytesRemaining
                        0x200012ac    0x4  Data  Lc  heap_4.o [1]
xNextTaskUnblockTime    0x200012f8    0x4  Data  Lc  tasks.o [1]
xNumOfOverflows         0x200012f0    0x4  Data  Lc  tasks.o [1]
xPendingReadyList       0x20001254   0x14  Data  Lc  tasks.o [1]
xPortStartScheduler     0x080035df   0x88  Code  Gb  port.o [1]
xPortSysTickHandler     0x080036d3   0x28  Code  Gb  port.o [1]
xSchedulerRunning       0x200012e4    0x4  Data  Lc  tasks.o [1]
xStart                  0x20001290    0x8  Data  Lc  heap_4.o [1]
xSuspendedTaskList      0x2000127c   0x14  Data  Lc  tasks.o [1]
xTaskCreate             0x08002c1d   0x84  Code  Gb  tasks.o [1]
xTaskGetSchedulerState  0x08003341   0x26  Code  Gb  tasks.o [1]
xTaskGetTickCount       0x0800304d    0xa  Code  Gb  tasks.o [1]
xTaskIncrementTick      0x08003057  0x12a  Code  Gb  tasks.o [1]
xTaskResumeAll          0x08002f4f   0xfe  Code  Gb  tasks.o [1]
xTasksWaitingTermination
                        0x20001268   0x14  Data  Lc  tasks.o [1]
xTickCount              0x200012dc    0x4  Data  Lc  tasks.o [1]
xYieldPending           0x200012ec    0x4  Data  Lc  tasks.o [1]


[1] = F:\New Sale System\Code\Cell\EWARM\Cell\Obj
[2] = command line
[3] = dl7M_tlf.a
[4] = rt7M_tl.a
[5] = shb_l.a

  15 654 bytes of readonly  code memory
     210 bytes of readonly  data memory
   4 862 bytes of readwrite data memory

Errors: none
Warnings: none
