###############################################################################
#
# IAR ELF Linker V7.60.2.11341/W32 for ARM                03/Jul/2018  23:13:30
# Copyright 2007-2016 IAR Systems AB.
#
#    Output file  =  F:\New Sale System\Code\Cell\EWARM\Cell\Exe\Cell.out
#    Map file     =  F:\New Sale System\Code\Cell\EWARM\Cell\List\Cell.map
#    Command line =  
#        "F:\New Sale System\Code\Cell\EWARM\Cell\Obj\cell.o" "F:\New Sale
#        System\Code\Cell\EWARM\Cell\Obj\cmsis_os.o" "F:\New Sale
#        System\Code\Cell\EWARM\Cell\Obj\croutine.o" "F:\New Sale
#        System\Code\Cell\EWARM\Cell\Obj\event_groups.o" "F:\New Sale
#        System\Code\Cell\EWARM\Cell\Obj\freertos.o" "F:\New Sale
#        System\Code\Cell\EWARM\Cell\Obj\heap_4.o" "F:\New Sale
#        System\Code\Cell\EWARM\Cell\Obj\key.o" "F:\New Sale
#        System\Code\Cell\EWARM\Cell\Obj\list.o" "F:\New Sale
#        System\Code\Cell\EWARM\Cell\Obj\main.o" "F:\New Sale
#        System\Code\Cell\EWARM\Cell\Obj\port.o" "F:\New Sale
#        System\Code\Cell\EWARM\Cell\Obj\portasm.o" "F:\New Sale
#        System\Code\Cell\EWARM\Cell\Obj\queue.o" "F:\New Sale
#        System\Code\Cell\EWARM\Cell\Obj\startup_stm32f103xb.o" "F:\New Sale
#        System\Code\Cell\EWARM\Cell\Obj\stm32f1xx_hal.o" "F:\New Sale
#        System\Code\Cell\EWARM\Cell\Obj\stm32f1xx_hal_can.o" "F:\New Sale
#        System\Code\Cell\EWARM\Cell\Obj\stm32f1xx_hal_cortex.o" "F:\New Sale
#        System\Code\Cell\EWARM\Cell\Obj\stm32f1xx_hal_dma.o" "F:\New Sale
#        System\Code\Cell\EWARM\Cell\Obj\stm32f1xx_hal_flash.o" "F:\New Sale
#        System\Code\Cell\EWARM\Cell\Obj\stm32f1xx_hal_flash_ex.o" "F:\New Sale
#        System\Code\Cell\EWARM\Cell\Obj\stm32f1xx_hal_gpio.o" "F:\New Sale
#        System\Code\Cell\EWARM\Cell\Obj\stm32f1xx_hal_gpio_ex.o" "F:\New Sale
#        System\Code\Cell\EWARM\Cell\Obj\stm32f1xx_hal_msp.o" "F:\New Sale
#        System\Code\Cell\EWARM\Cell\Obj\stm32f1xx_hal_pwr.o" "F:\New Sale
#        System\Code\Cell\EWARM\Cell\Obj\stm32f1xx_hal_rcc.o" "F:\New Sale
#        System\Code\Cell\EWARM\Cell\Obj\stm32f1xx_hal_rcc_ex.o" "F:\New Sale
#        System\Code\Cell\EWARM\Cell\Obj\stm32f1xx_hal_tim.o" "F:\New Sale
#        System\Code\Cell\EWARM\Cell\Obj\stm32f1xx_hal_tim_ex.o" "F:\New Sale
#        System\Code\Cell\EWARM\Cell\Obj\stm32f1xx_hal_timebase_TIM.o" "F:\New
#        Sale System\Code\Cell\EWARM\Cell\Obj\stm32f1xx_it.o" "F:\New Sale
#        System\Code\Cell\EWARM\Cell\Obj\system_stm32f1xx.o" "F:\New Sale
#        System\Code\Cell\EWARM\Cell\Obj\tasks.o" "F:\New Sale
#        System\Code\Cell\EWARM\Cell\Obj\timers.o" --redirect
#        _Printf=_PrintfFull --redirect _Scanf=_ScanfFull -o "F:\New Sale
#        System\Code\Cell\EWARM\Cell\Exe\Cell.out" --map "F:\New Sale
#        System\Code\Cell\EWARM\Cell\List\Cell.map" --config "F:\New Sale
#        System\Code\Cell\EWARM/stm32f103xb_flash.icf" --semihosting --entry
#        __iar_program_start --vfe
#
###############################################################################

*******************************************************************************
*** RUNTIME MODEL ATTRIBUTES
***

CppFlavor       = *
__SystemLibrary = DLib


*******************************************************************************
*** PLACEMENT SUMMARY
***

"A1":  place at 0x08000000 { ro section .intvec };
"P1":  place in [from 0x08000000 to 0x0801ffff] { ro };
"P2":  place in [from 0x20000000 to 0x20004fff] { rw, block CSTACK, block HEAP };
initialize by copy { rw };

  Section            Kind        Address    Size  Object
  -------            ----        -------    ----  ------
"A1":                                       0xec
  .intvec            ro code  0x08000000    0xec  startup_stm32f103xb.o [1]
                            - 0x080000ec    0xec

"P1":                                     0x3e8c
  .text              ro code  0x080000ec   0xa68  stm32f1xx_hal_can.o [1]
  .text              ro code  0x08000b54   0x19c  stm32f1xx_hal_msp.o [1]
  .text              ro code  0x08000cf0    0x44  stm32f1xx_hal.o [1]
  .text              ro code  0x08000d34   0x50c  cell.o [1]
  .text              ro code  0x08001240   0x160  stm32f1xx_hal_cortex.o [1]
  .text              ro code  0x080013a0   0x328  stm32f1xx_hal_gpio.o [1]
  .text              ro code  0x080016c8    0x90  stm32f1xx_hal_timebase_TIM.o [1]
  .text              ro code  0x08001758   0x1f0  stm32f1xx_hal_flash.o [1]
  .text              ro code  0x08001948   0x118  stm32f1xx_hal_flash_ex.o [1]
  .text              ro code  0x08001a60    0x66  ABImemset.o [4]
  .rodata            const    0x08001ac6     0x2  stm32f1xx_hal_rcc.o [1]
  .text              ro code  0x08001ac8   0x71c  stm32f1xx_hal_rcc.o [1]
  .text              ro code  0x080021e4   0x58e  stm32f1xx_hal_tim.o [1]
  .text              ro code  0x08002774    0x1e  U64Shr.o [4]
  .text              ro code  0x08002794    0x56  ABImemcpy_unaligned.o [4]
  .text              ro code  0x080027ec   0x4d0  main.o [1]
  .text              ro code  0x08002cbc    0x64  stm32f1xx_hal_tim_ex.o [1]
  .text              ro code  0x08002d20    0x5a  cmsis_os.o [1]
  .text              ro code  0x08002d7c   0x83c  tasks.o [1]
  .text              ro code  0x080035b8   0x13c  key.o [1]
  .text              ro code  0x080036f4   0x1a4  port.o [1]
  .text              ro code  0x08003898   0x284  heap_4.o [1]
  .text              ro code  0x08003b1c    0x9e  list.o [1]
  CODE               ro code  0x08003bbc    0x88  portasm.o [1]
  .text              ro code  0x08003c44    0x68  system_stm32f1xx.o [1]
  .text              ro code  0x08003cac    0x50  stm32f1xx_it.o [1]
  .text              ro code  0x08003cfc    0x40  zero_init3.o [4]
  .rodata            const    0x08003d3c    0x30  main.o [1]
  .text              ro code  0x08003d6c    0x2c  copy_init3.o [4]
  .text              ro code  0x08003d98    0x28  data_init.o [4]
  .iar.init_table    const    0x08003dc0    0x24  - Linker created -
  .rodata            const    0x08003de4    0x20  main.o [1]
  .text              ro code  0x08003e04    0x1a  cmain.o [4]
  .text              ro code  0x08003e1e     0x4  low_level_init.o [3]
  .text              ro code  0x08003e22     0x4  exit.o [3]
  .text              ro code  0x08003e28     0xa  cexit.o [4]
  .text              ro code  0x08003e34    0x14  exit.o [5]
  .rodata            const    0x08003e48    0x14  main.o [1]
  .rodata            const    0x08003e5c    0x14  main.o [1]
  .rodata            const    0x08003e70    0x10  stm32f1xx_hal_rcc.o [1]
  .rodata            const    0x08003e80    0x10  system_stm32f1xx.o [1]
  .text              ro code  0x08003e90    0x10  startup_stm32f103xb.o [1]
  .rodata            const    0x08003ea0     0xc  main.o [1]
  .text              ro code  0x08003eac     0xc  cstartup_M.o [4]
  Initializer bytes  const    0x08003eb8     0xc  <for P2-1>
  .rodata            const    0x08003ec4     0x8  main.o [1]
  .rodata            const    0x08003ecc     0x8  system_stm32f1xx.o [1]
  .rodata            const    0x08003ed4     0x8  tasks.o [1]
  .rodata            const    0x08003edc     0x4  heap_4.o [1]
  .text              ro code  0x08003ee0     0x4  startup_stm32f103xb.o [1]
  .text              ro code  0x08003ee4     0x4  startup_stm32f103xb.o [1]
  .text              ro code  0x08003ee8     0x4  startup_stm32f103xb.o [1]
  .text              ro code  0x08003eec     0x4  startup_stm32f103xb.o [1]
  .text              ro code  0x08003ef0     0x4  startup_stm32f103xb.o [1]
  .text              ro code  0x08003ef4     0x4  startup_stm32f103xb.o [1]
  .text              ro code  0x08003ef8     0x4  startup_stm32f103xb.o [1]
  .text              ro code  0x08003efc     0x4  startup_stm32f103xb.o [1]
  .text              ro code  0x08003f00     0x4  startup_stm32f103xb.o [1]
  .text              ro code  0x08003f04     0x4  startup_stm32f103xb.o [1]
  .text              ro code  0x08003f08     0x4  startup_stm32f103xb.o [1]
  .text              ro code  0x08003f0c     0x4  startup_stm32f103xb.o [1]
  .text              ro code  0x08003f10     0x4  startup_stm32f103xb.o [1]
  .text              ro code  0x08003f14     0x4  startup_stm32f103xb.o [1]
  .text              ro code  0x08003f18     0x4  startup_stm32f103xb.o [1]
  .text              ro code  0x08003f1c     0x4  startup_stm32f103xb.o [1]
  .text              ro code  0x08003f20     0x4  startup_stm32f103xb.o [1]
  .text              ro code  0x08003f24     0x4  startup_stm32f103xb.o [1]
  .text              ro code  0x08003f28     0x4  startup_stm32f103xb.o [1]
  .text              ro code  0x08003f2c     0x4  startup_stm32f103xb.o [1]
  .text              ro code  0x08003f30     0x4  startup_stm32f103xb.o [1]
  .text              ro code  0x08003f34     0x4  startup_stm32f103xb.o [1]
  .text              ro code  0x08003f38     0x4  startup_stm32f103xb.o [1]
  .text              ro code  0x08003f3c     0x4  startup_stm32f103xb.o [1]
  .text              ro code  0x08003f40     0x4  startup_stm32f103xb.o [1]
  .text              ro code  0x08003f44     0x4  startup_stm32f103xb.o [1]
  .text              ro code  0x08003f48     0x4  startup_stm32f103xb.o [1]
  .text              ro code  0x08003f4c     0x4  startup_stm32f103xb.o [1]
  .text              ro code  0x08003f50     0x4  startup_stm32f103xb.o [1]
  .text              ro code  0x08003f54     0x4  startup_stm32f103xb.o [1]
  .text              ro code  0x08003f58     0x4  startup_stm32f103xb.o [1]
  .text              ro code  0x08003f5c     0x4  startup_stm32f103xb.o [1]
  .text              ro code  0x08003f60     0x4  startup_stm32f103xb.o [1]
  .text              ro code  0x08003f64     0x4  startup_stm32f103xb.o [1]
  .text              ro code  0x08003f68     0x4  startup_stm32f103xb.o [1]
  .text              ro code  0x08003f6c     0x4  startup_stm32f103xb.o [1]
  .text              ro code  0x08003f70     0x4  startup_stm32f103xb.o [1]
  .text              ro code  0x08003f74     0x4  startup_stm32f103xb.o [1]
  .rodata            const    0x08003f78     0x0  zero_init3.o [4]
  .rodata            const    0x08003f78     0x0  copy_init3.o [4]
                            - 0x08003f78  0x3e8c

"P2", part 1 of 3:                           0xc
  P2-1                        0x20000000     0x9  <Init block>
    .data            inited   0x20000000     0x4  port.o [1]
    .data            inited   0x20000004     0x4  system_stm32f1xx.o [1]
    .data            inited   0x20000008     0x1  stm32f1xx_hal.o [1]
                            - 0x20000009     0x9

"P2", part 2 of 3:                         0x400
  CSTACK                      0x20000010   0x400  <Block>
    CSTACK           uninit   0x20000010   0x400  <Block tail>
                            - 0x20000410   0x400

"P2", part 3 of 3:                         0xef8
  .bss               zero     0x20000410   0xc00  heap_4.o [1]
  .bss               zero     0x20001010    0x8c  tasks.o [1]
  .bss               zero     0x2000109c    0x4c  cell.o [1]
  .bss               zero     0x200010e8    0x44  main.o [1]
  .bss               zero     0x2000112c    0x40  main.o [1]
  .bss               zero     0x2000116c    0x40  stm32f1xx_hal_timebase_TIM.o [1]
  .bss               zero     0x200011ac    0x28  cell.o [1]
  .bss               zero     0x200011d4    0x24  main.o [1]
  .bss               zero     0x200011f8    0x20  stm32f1xx_hal_flash.o [1]
  .bss               zero     0x20001218    0x1c  main.o [1]
  .bss               zero     0x20001234    0x14  tasks.o [1]
  .bss               zero     0x20001248    0x14  tasks.o [1]
  .bss               zero     0x2000125c    0x14  tasks.o [1]
  .bss               zero     0x20001270    0x14  tasks.o [1]
  .bss               zero     0x20001284    0x14  tasks.o [1]
  .bss               zero     0x20001298     0x8  heap_4.o [1]
  .bss               zero     0x200012a0     0x4  cell.o [1]
  .bss               zero     0x200012a4     0x4  heap_4.o [1]
  .bss               zero     0x200012a8     0x4  heap_4.o [1]
  .bss               zero     0x200012ac     0x4  heap_4.o [1]
  .bss               zero     0x200012b0     0x4  heap_4.o [1]
  .bss               zero     0x200012b4     0x4  main.o [1]
  .bss               zero     0x200012b8     0x4  main.o [1]
  .bss               zero     0x200012bc     0x4  main.o [1]
  .bss               zero     0x200012c0     0x4  port.o [1]
  .bss               zero     0x200012c4     0x4  stm32f1xx_hal.o [1]
  .bss               zero     0x200012c8     0x4  tasks.o [1]
  .bss               zero     0x200012cc     0x4  tasks.o [1]
  .bss               zero     0x200012d0     0x4  tasks.o [1]
  .bss               zero     0x200012d4     0x4  tasks.o [1]
  .bss               zero     0x200012d8     0x4  tasks.o [1]
  .bss               zero     0x200012dc     0x4  tasks.o [1]
  .bss               zero     0x200012e0     0x4  tasks.o [1]
  .bss               zero     0x200012e4     0x4  tasks.o [1]
  .bss               zero     0x200012e8     0x4  tasks.o [1]
  .bss               zero     0x200012ec     0x4  tasks.o [1]
  .bss               zero     0x200012f0     0x4  tasks.o [1]
  .bss               zero     0x200012f4     0x4  tasks.o [1]
  .bss               zero     0x200012f8     0x4  tasks.o [1]
  .bss               zero     0x200012fc     0x4  tasks.o [1]
  .bss               zero     0x20001300     0x4  tasks.o [1]
  .bss               zero     0x20001304     0x1  port.o [1]
                            - 0x20001305   0xef5


*******************************************************************************
*** INIT TABLE
***

          Address     Size
          -------     ----
Zero (__iar_zero_init3)
    1 destination range, total size 0xef5:
          0x20000410  0xef5

Copy (__iar_copy_init3)
    1 source range, total size 0xc (133% of destination):
          0x08003eb8    0xc
    1 destination range, total size 0x9:
          0x20000000    0x9



*******************************************************************************
*** MODULE SUMMARY
***

    Module                        ro code  ro data  rw data
    ------                        -------  -------  -------
F:\New Sale System\Code\Cell\EWARM\Cell\Obj: [1]
    cell.o                          1 292               120
    cmsis_os.o                         90
    heap_4.o                          644        4    3 096
    key.o                             316
    list.o                            158
    main.o                          1 232      140      208
    port.o                            420        4        9
    portasm.o                         136
    startup_stm32f103xb.o             404
    stm32f1xx_hal.o                    68        1        5
    stm32f1xx_hal_can.o             2 664
    stm32f1xx_hal_cortex.o            352
    stm32f1xx_hal_flash.o             496                32
    stm32f1xx_hal_flash_ex.o          280
    stm32f1xx_hal_gpio.o              808
    stm32f1xx_hal_msp.o               412
    stm32f1xx_hal_rcc.o             1 820       18
    stm32f1xx_hal_tim.o             1 422
    stm32f1xx_hal_tim_ex.o            100
    stm32f1xx_hal_timebase_TIM.o      144                64
    stm32f1xx_it.o                     80
    system_stm32f1xx.o                104       28        4
    tasks.o                         2 108        8      300
    -------------------------------------------------------
    Total:                         15 550      203    3 838

command line: [2]
    -------------------------------------------------------
    Total:

dl7M_tlf.a: [3]
    exit.o                              4
    low_level_init.o                    4
    -------------------------------------------------------
    Total:                              8

rt7M_tl.a: [4]
    ABImemcpy_unaligned.o              86
    ABImemset.o                       102
    U64Shr.o                           30
    cexit.o                            10
    cmain.o                            26
    copy_init3.o                       44
    cstartup_M.o                       12
    data_init.o                        40
    zero_init3.o                       64
    -------------------------------------------------------
    Total:                            414

shb_l.a: [5]
    exit.o                             20
    -------------------------------------------------------
    Total:                             20

    Gaps                               14
    Linker created                              39    1 024
-----------------------------------------------------------
    Grand Total:                   16 006      242    4 862


*******************************************************************************
*** ENTRY LIST
***

Entry                      Address   Size  Type      Object
-----                      -------   ----  ----      ------
.iar.init_table$$Base   0x08003dc0          --   Gb  - Linker created -
.iar.init_table$$Limit  0x08003de4          --   Gb  - Linker created -
?main                   0x08003e05         Code  Gb  cmain.o [4]
AHBPrescTable           0x08003e80   0x10  Data  Gb  system_stm32f1xx.o [1]
APBPrescTable           0x08003ecc    0x8  Data  Gb  system_stm32f1xx.o [1]
BusFault_Handler        0x08003cb3    0x2  Code  Gb  stm32f1xx_it.o [1]
CAN1_RX1_IRQHandler     0x08003cd5    0xa  Code  Gb  stm32f1xx_it.o [1]
CAN1_SCE_IRQHandler     0x08003cdf    0xa  Code  Gb  stm32f1xx_it.o [1]
CAN_Filter_Init         0x08002b61   0xc6  Code  Lc  main.o [1]
CAN_Receive_IT          0x0800098f  0x1c6  Code  Lc  stm32f1xx_hal_can.o [1]
CAN_Transmit_IT         0x08000931   0x5e  Code  Lc  stm32f1xx_hal_can.o [1]
CSTACK$$Base            0x20000010          --   Gb  - Linker created -
CSTACK$$Limit           0x20000410          --   Gb  - Linker created -
Cell                    0x2000109c   0x4c  Data  Gb  cell.o [1]
CellReset               0x08000f7d   0x5e  Code  Gb  cell.o [1]
Cell_Init               0x08000d57   0x7a  Code  Gb  cell.o [1]
CheckCommand            0x08000f03   0x7a  Code  Gb  cell.o [1]
DebugMon_Handler        0x08003cb7    0x2  Code  Gb  stm32f1xx_it.o [1]
Delay                   0x080010df   0x16  Code  Lc  cell.o [1]
Deliver                 0x08000fdb  0x102  Code  Gb  cell.o [1]
DoNothing               0x080010dd    0x2  Code  Gb  cell.o [1]
FLASH_MassErase         0x08001a05   0x2a  Code  Lc  stm32f1xx_hal_flash_ex.o [1]
FLASH_PageErase         0x08001a2f   0x24  Code  Gb  stm32f1xx_hal_flash_ex.o [1]
FLASH_Program_HalfWord  0x0800184d   0x16  Code  Lc  stm32f1xx_hal_flash.o [1]
FLASH_SetErrorCode      0x080018bf   0x6e  Code  Lc  stm32f1xx_hal_flash.o [1]
FLASH_WaitForLastOperation
                        0x08001863   0x5c  Code  Gb  stm32f1xx_hal_flash.o [1]
FlashDataBuffer         0x200011ac   0x28  Data  Gb  cell.o [1]
HAL_CAN_ConfigFilter    0x08000253  0x128  Code  Gb  stm32f1xx_hal_can.o [1]
HAL_CAN_ErrorCallback   0x0800092f    0x2  Code  Wk  stm32f1xx_hal_can.o [1]
HAL_CAN_IRQHandler      0x08000643  0x2d4  Code  Gb  stm32f1xx_hal_can.o [1]
HAL_CAN_Init            0x080000ed  0x166  Code  Gb  stm32f1xx_hal_can.o [1]
HAL_CAN_MspInit         0x08000bf5   0x96  Code  Gb  stm32f1xx_hal_msp.o [1]
HAL_CAN_Receive_IT      0x08000535  0x10e  Code  Gb  stm32f1xx_hal_can.o [1]
HAL_CAN_RxCpltCallback  0x08000eef   0x14  Code  Gb  cell.o [1]
HAL_CAN_Transmit_IT     0x0800037b  0x1ba  Code  Gb  stm32f1xx_hal_can.o [1]
HAL_CAN_TxCpltCallback  0x0800092d    0x2  Code  Wk  stm32f1xx_hal_can.o [1]
HAL_FLASHEx_Erase       0x08001949   0xbc  Code  Gb  stm32f1xx_hal_flash_ex.o [1]
HAL_FLASH_Lock          0x0800183d   0x10  Code  Gb  stm32f1xx_hal_flash.o [1]
HAL_FLASH_Program       0x08001759   0xbe  Code  Gb  stm32f1xx_hal_flash.o [1]
HAL_FLASH_Unlock        0x08001817   0x26  Code  Gb  stm32f1xx_hal_flash.o [1]
HAL_GPIO_Init           0x080013a1  0x2ba  Code  Gb  stm32f1xx_hal_gpio.o [1]
HAL_GPIO_ReadPin        0x0800165b   0x18  Code  Gb  stm32f1xx_hal_gpio.o [1]
HAL_GPIO_WritePin       0x08001673   0x14  Code  Gb  stm32f1xx_hal_gpio.o [1]
HAL_GetTick             0x08000d23    0x6  Code  Wk  stm32f1xx_hal.o [1]
HAL_IncTick             0x08000d13   0x10  Code  Wk  stm32f1xx_hal.o [1]
HAL_Init                0x08000cf1   0x22  Code  Gb  stm32f1xx_hal.o [1]
HAL_InitTick            0x080016c9   0x84  Code  Gb  stm32f1xx_hal_timebase_TIM.o [1]
HAL_MspInit             0x08000b55   0xa0  Code  Gb  stm32f1xx_hal_msp.o [1]
HAL_NVIC_EnableIRQ      0x08001343    0xe  Code  Gb  stm32f1xx_hal_cortex.o [1]
HAL_NVIC_SetPriority    0x0800131d   0x26  Code  Gb  stm32f1xx_hal_cortex.o [1]
HAL_NVIC_SetPriorityGrouping
                        0x08001311    0xc  Code  Gb  stm32f1xx_hal_cortex.o [1]
HAL_RCC_ClockConfig     0x08001f27  0x186  Code  Gb  stm32f1xx_hal_rcc.o [1]
HAL_RCC_GetClockConfig  0x08002141   0x3a  Code  Gb  stm32f1xx_hal_rcc.o [1]
HAL_RCC_GetHCLKFreq     0x08002125    0x6  Code  Gb  stm32f1xx_hal_rcc.o [1]
HAL_RCC_GetPCLK1Freq    0x0800212b   0x16  Code  Gb  stm32f1xx_hal_rcc.o [1]
HAL_RCC_GetSysClockFreq
                        0x080020ad   0x78  Code  Gb  stm32f1xx_hal_rcc.o [1]
HAL_RCC_OscConfig       0x08001ac9  0x45e  Code  Gb  stm32f1xx_hal_rcc.o [1]
HAL_SYSTICK_CLKSourceConfig
                        0x0800135d   0x22  Code  Gb  stm32f1xx_hal_cortex.o [1]
HAL_SYSTICK_Config      0x08001351    0xc  Code  Gb  stm32f1xx_hal_cortex.o [1]
HAL_TIMEx_BreakCallback
                        0x08002d1d    0x2  Code  Wk  stm32f1xx_hal_tim_ex.o [1]
HAL_TIMEx_CommutationCallback
                        0x08002d1b    0x2  Code  Wk  stm32f1xx_hal_tim_ex.o [1]
HAL_TIMEx_MasterConfigSynchronization
                        0x08002cbd   0x5e  Code  Gb  stm32f1xx_hal_tim_ex.o [1]
HAL_TIM_Base_Init       0x080021e5   0x38  Code  Gb  stm32f1xx_hal_tim.o [1]
HAL_TIM_Base_MspInit    0x0800221d    0x2  Code  Wk  stm32f1xx_hal_tim.o [1]
HAL_TIM_Base_Start_IT   0x0800221f   0x1e  Code  Gb  stm32f1xx_hal_tim.o [1]
HAL_TIM_IC_CaptureCallback
                        0x0800252d    0x2  Code  Wk  stm32f1xx_hal_tim.o [1]
HAL_TIM_IRQHandler      0x080022b1  0x176  Code  Gb  stm32f1xx_hal_tim.o [1]
HAL_TIM_MspPostInit     0x08000cb1   0x24  Code  Gb  stm32f1xx_hal_msp.o [1]
HAL_TIM_OC_DelayElapsedCallback
                        0x0800252b    0x2  Code  Wk  stm32f1xx_hal_tim.o [1]
HAL_TIM_PWM_ConfigChannel
                        0x08002427  0x104  Code  Gb  stm32f1xx_hal_tim.o [1]
HAL_TIM_PWM_Init        0x0800223d   0x38  Code  Gb  stm32f1xx_hal_tim.o [1]
HAL_TIM_PWM_MspInit     0x08000c8b   0x26  Code  Gb  stm32f1xx_hal_msp.o [1]
HAL_TIM_PWM_PulseFinishedCallback
                        0x0800252f    0x2  Code  Wk  stm32f1xx_hal_tim.o [1]
HAL_TIM_PWM_Start       0x08002275   0x36  Code  Gb  stm32f1xx_hal_tim.o [1]
HAL_TIM_PeriodElapsedCallback
                        0x08002ca9   0x12  Code  Gb  main.o [1]
HAL_TIM_TriggerCallback
                        0x08002531    0x2  Code  Wk  stm32f1xx_hal_tim.o [1]
HardFault_Handler       0x08003caf    0x2  Code  Gb  stm32f1xx_it.o [1]
KeyScan                 0x080035b9  0x13c  Code  Gb  key.o [1]
MX_CAN_Init             0x08002939   0x64  Code  Lc  main.o [1]
MX_GPIO_Init            0x08002a73   0xee  Code  Lc  main.o [1]
MX_TIM4_Init            0x0800299d   0xd6  Code  Lc  main.o [1]
MemManage_Handler       0x08003cb1    0x2  Code  Gb  stm32f1xx_it.o [1]
MoveFlashBufferData     0x080010f5   0x3a  Code  Gb  cell.o [1]
NMI_Handler             0x08003cad    0x2  Code  Gb  stm32f1xx_it.o [1]
NVIC_EnableIRQ          0x08001269   0x14  Code  Lc  stm32f1xx_hal_cortex.o [1]
NVIC_EncodePriority     0x080012a3   0x3e  Code  Lc  stm32f1xx_hal_cortex.o [1]
NVIC_GetPriorityGrouping
                        0x0800125f    0xa  Code  Lc  stm32f1xx_hal_cortex.o [1]
NVIC_SetPriority        0x0800127d   0x26  Code  Lc  stm32f1xx_hal_cortex.o [1]
NVIC_SetPriorityGrouping
                        0x08001241   0x1e  Code  Lc  stm32f1xx_hal_cortex.o [1]
NVIC_SystemReset        0x08000d35   0x22  Code  Lc  cell.o [1]
PendSV_Handler          0x08003bbd         Code  Gb  portasm.o [1]
PeriodicityTask         0x08002c27   0x2c  Code  Gb  main.o [1]
PeriodicityTask::xLastWakeTime
                        0x200012bc    0x4  Data  Lc  main.o [1]
PeriodicityTaskHandle   0x200012b8    0x4  Data  Gb  main.o [1]
RCC_Delay               0x0800217b   0x26  Code  Lc  stm32f1xx_hal_rcc.o [1]
ReadDataFromFlash       0x0800119d   0x38  Code  Gb  cell.o [1]
Region$$Table$$Base     0x08003dc0          --   Gb  - Linker created -
Region$$Table$$Limit    0x08003de4          --   Gb  - Linker created -
RepuestIdAndAddr        0x08000dd1  0x11e  Code  Gb  cell.o [1]
SVC_Handler             0x08003c03         Code  Gb  portasm.o [1]
SaveDataToFlash         0x0800112f   0x6e  Code  Gb  cell.o [1]
SetDuty                 0x080011f9   0x48  Code  Gb  cell.o [1]
StartDefaultTask        0x08002c53   0x12  Code  Gb  main.o [1]
SysTick_Config          0x080012e1   0x30  Code  Lc  stm32f1xx_hal_cortex.o [1]
SysTick_Handler         0x08003cb9    0x8  Code  Gb  stm32f1xx_it.o [1]
SystemClock_Config      0x080028ad   0x8c  Code  Gb  main.o [1]
SystemCoreClock         0x20000004    0x4  Data  Gb  system_stm32f1xx.o [1]
SystemInit              0x08003c45   0x4e  Code  Gb  system_stm32f1xx.o [1]
TIM2_IRQHandler         0x08003ce9    0xa  Code  Gb  stm32f1xx_it.o [1]
TIM_Base_SetConfig      0x08002533   0x6c  Code  Gb  stm32f1xx_hal_tim.o [1]
TIM_CCxChannelCmd       0x08002755   0x1e  Code  Gb  stm32f1xx_hal_tim.o [1]
TIM_OC1_SetConfig       0x0800259f   0x6e  Code  Lc  stm32f1xx_hal_tim.o [1]
TIM_OC2_SetConfig       0x0800260d   0x78  Code  Gb  stm32f1xx_hal_tim.o [1]
TIM_OC3_SetConfig       0x08002685   0x70  Code  Lc  stm32f1xx_hal_tim.o [1]
TIM_OC4_SetConfig       0x080026f5   0x52  Code  Lc  stm32f1xx_hal_tim.o [1]
USB_HP_CAN1_TX_IRQHandler
                        0x08003cc1    0xa  Code  Gb  stm32f1xx_it.o [1]
USB_LP_CAN1_RX0_IRQHandler
                        0x08003ccb    0xa  Code  Gb  stm32f1xx_it.o [1]
UsageFault_Handler      0x08003cb5    0x2  Code  Gb  stm32f1xx_it.o [1]
_Error_Handler          0x08002cbb    0x2  Code  Gb  main.o [1]
__aeabi_llsr            0x08002775         Code  Gb  U64Shr.o [4]
__aeabi_memset          0x08001a61         Code  Gb  ABImemset.o [4]
__cmain                 0x08003e05         Code  Gb  cmain.o [4]
__exit                  0x08003e35   0x14  Code  Gb  exit.o [5]
__iar_Memset            0x08001a61         Code  Gb  ABImemset.o [4]
__iar_Memset_word       0x08001a69         Code  Gb  ABImemset.o [4]
__iar_copy_init3        0x08003d6d   0x2c  Code  Gb  copy_init3.o [4]
__iar_data_init3        0x08003d99   0x28  Code  Gb  data_init.o [4]
__iar_program_start     0x08003ead         Code  Gb  cstartup_M.o [4]
__iar_unaligned___aeabi_memcpy4
                        0x08002795         Code  Gb  ABImemcpy_unaligned.o [4]
__iar_unaligned___aeabi_memcpy8
                        0x08002795         Code  Gb  ABImemcpy_unaligned.o [4]
__iar_zero_init3        0x08003cfd   0x40  Code  Gb  zero_init3.o [4]
__low_level_init        0x08003e1f    0x4  Code  Gb  low_level_init.o [3]
__vector_table          0x08000000         Data  Gb  startup_stm32f103xb.o [1]
_call_main              0x08003e11         Code  Gb  cmain.o [4]
_exit                   0x08003e29         Code  Gb  cexit.o [4]
_main                   0x08003e1b         Code  Gb  cmain.o [4]
defaultTaskHandle       0x200012b4    0x4  Data  Gb  main.o [1]
exit                    0x08003e23    0x4  Code  Gb  exit.o [3]
hcan                    0x200010e8   0x44  Data  Gb  main.o [1]
htim2                   0x2000116c   0x40  Data  Gb  stm32f1xx_hal_timebase_TIM.o [1]
htim4                   0x2000112c   0x40  Data  Gb  main.o [1]
main                    0x080027ed   0xc0  Code  Gb  main.o [1]
makeFreeRtosPriority    0x08002d21   0x12  Code  Lc  cmsis_os.o [1]
osKernelStart           0x08002d33    0xa  Code  Gb  cmsis_os.o [1]
osSystickHandler        0x08002d6b   0x10  Code  Gb  cmsis_os.o [1]
osThreadCreate          0x08002d3d   0x2e  Code  Gb  cmsis_os.o [1]
pFlash                  0x200011f8   0x20  Data  Gb  stm32f1xx_hal_flash.o [1]
prvAddCurrentTaskToDelayedList
                        0x080034f1   0x82  Code  Lc  tasks.o [1]
prvAddNewTaskToReadyList
                        0x08002ec9   0xb8  Code  Lc  tasks.o [1]
prvCheckTasksWaitingTermination
                        0x080033f5   0x66  Code  Lc  tasks.o [1]
prvDeleteTCB            0x08003461   0x12  Code  Lc  tasks.o [1]
prvHeapInit             0x08003a2d   0x6e  Code  Lc  heap_4.o [1]
prvIdleTask             0x0800336d   0x26  Code  Lc  tasks.o [1]
prvInitialiseNewTask    0x08002e01   0xc8  Code  Lc  tasks.o [1]
prvInitialiseTaskLists  0x08003395   0x5a  Code  Lc  tasks.o [1]
prvInsertBlockIntoFreeList
                        0x08003a9b   0x62  Code  Lc  heap_4.o [1]
prvResetNextTaskUnblockTime
                        0x08003473   0x2e  Code  Lc  tasks.o [1]
prvTaskExitError        0x08003715   0x2a  Code  Lc  port.o [1]
pvPortMalloc            0x08003899  0x11a  Code  Gb  heap_4.o [1]
pxCurrentTCB            0x200012c8    0x4  Data  Gb  tasks.o [1]
pxDelayedTaskList       0x200012cc    0x4  Data  Lc  tasks.o [1]
pxEnd                   0x200012a4    0x4  Data  Lc  heap_4.o [1]
pxOverflowDelayedTaskList
                        0x200012d0    0x4  Data  Lc  tasks.o [1]
pxPortInitialiseStack   0x080036f5   0x20  Code  Gb  port.o [1]
pxReadyTasksLists       0x20001010   0x8c  Data  Lc  tasks.o [1]
rxcnt                   0x200012a0    0x4  Data  Gb  cell.o [1]
rxmsg                   0x200011d4   0x24  Data  Gb  main.o [1]
txmsg                   0x20001218   0x1c  Data  Gb  main.o [1]
ucHeap                  0x20000410  0xc00  Data  Lc  heap_4.o [1]
ucMaxSysCallPriority    0x20001304    0x1  Data  Lc  port.o [1]
ulMaxPRIGROUPValue      0x200012c0    0x4  Data  Lc  port.o [1]
uwTick                  0x200012c4    0x4  Data  Gb  stm32f1xx_hal.o [1]
uwTickFreq              0x20000008    0x1  Data  Gb  stm32f1xx_hal.o [1]
uxCriticalNesting       0x20000000    0x4  Data  Lc  port.o [1]
uxCurrentNumberOfTasks  0x200012d8    0x4  Data  Lc  tasks.o [1]
uxDeletedTasksWaitingCleanUp
                        0x200012d4    0x4  Data  Lc  tasks.o [1]
uxListRemove            0x08003b93   0x28  Code  Gb  list.o [1]
uxPendedTicks           0x200012e8    0x4  Data  Lc  tasks.o [1]
uxSchedulerSuspended    0x20001300    0x4  Data  Lc  tasks.o [1]
uxTaskNumber            0x200012f4    0x4  Data  Lc  tasks.o [1]
uxTopReadyPriority      0x200012e0    0x4  Data  Lc  tasks.o [1]
vListInitialise         0x08003b1d   0x1e  Code  Gb  list.o [1]
vListInitialiseItem     0x08003b3b    0x6  Code  Gb  list.o [1]
vListInsert             0x08003b59   0x3a  Code  Gb  list.o [1]
vListInsertEnd          0x08003b41   0x18  Code  Gb  list.o [1]
vPortEnterCritical      0x080037c7   0x3a  Code  Gb  port.o [1]
vPortExitCritical       0x08003801   0x32  Code  Gb  port.o [1]
vPortFree               0x080039b3   0x7a  Code  Gb  heap_4.o [1]
vPortSetupTimerInterrupt
                        0x0800385b   0x1a  Code  Wk  port.o [1]
vPortStartFirstTask     0x08003c23         Code  Gb  portasm.o [1]
vTaskDelayUntil         0x08002f81   0xb6  Code  Gb  tasks.o [1]
vTaskStartScheduler     0x08003037   0x68  Code  Gb  tasks.o [1]
vTaskSuspendAll         0x0800309f   0x10  Code  Gb  tasks.o [1]
vTaskSwitchContext      0x080032e1   0x72  Code  Gb  tasks.o [1]
xBlockAllocatedBit      0x200012b0    0x4  Data  Lc  heap_4.o [1]
xDelayedTaskList1       0x20001234   0x14  Data  Lc  tasks.o [1]
xDelayedTaskList2       0x20001248   0x14  Data  Lc  tasks.o [1]
xFreeBytesRemaining     0x200012a8    0x4  Data  Lc  heap_4.o [1]
xHeapStructSize         0x08003edc    0x4  Data  Lc  heap_4.o [1]
xIdleTaskHandle         0x200012fc    0x4  Data  Lc  tasks.o [1]
xMinimumEverFreeBytesRemaining
                        0x200012ac    0x4  Data  Lc  heap_4.o [1]
xNextTaskUnblockTime    0x200012f8    0x4  Data  Lc  tasks.o [1]
xNumOfOverflows         0x200012f0    0x4  Data  Lc  tasks.o [1]
xPendingReadyList       0x2000125c   0x14  Data  Lc  tasks.o [1]
xPortStartScheduler     0x0800373f   0x88  Code  Gb  port.o [1]
xPortSysTickHandler     0x08003833   0x28  Code  Gb  port.o [1]
xSchedulerRunning       0x200012e4    0x4  Data  Lc  tasks.o [1]
xStart                  0x20001298    0x8  Data  Lc  heap_4.o [1]
xSuspendedTaskList      0x20001284   0x14  Data  Lc  tasks.o [1]
xTaskCreate             0x08002d7d   0x84  Code  Gb  tasks.o [1]
xTaskGetSchedulerState  0x080034a1   0x26  Code  Gb  tasks.o [1]
xTaskGetTickCount       0x080031ad    0xa  Code  Gb  tasks.o [1]
xTaskIncrementTick      0x080031b7  0x12a  Code  Gb  tasks.o [1]
xTaskResumeAll          0x080030af   0xfe  Code  Gb  tasks.o [1]
xTasksWaitingTermination
                        0x20001270   0x14  Data  Lc  tasks.o [1]
xTickCount              0x200012dc    0x4  Data  Lc  tasks.o [1]
xYieldPending           0x200012ec    0x4  Data  Lc  tasks.o [1]


[1] = F:\New Sale System\Code\Cell\EWARM\Cell\Obj
[2] = command line
[3] = dl7M_tlf.a
[4] = rt7M_tl.a
[5] = shb_l.a

  16 006 bytes of readonly  code memory
     242 bytes of readonly  data memory
   4 862 bytes of readwrite data memory

Errors: none
Warnings: none
